Archive member included to satisfy reference by file (symbol)

c:/mounriver/mounriver_studio/toolchain/risc-v embedded gcc/bin/../lib/gcc/riscv-none-embed/8.2.0/../../../../riscv-none-embed/lib/rv32imacxw/ilp32\libm.a(lib_a-s_sin.o)
                              ./User/led.o (sin)
c:/mounriver/mounriver_studio/toolchain/risc-v embedded gcc/bin/../lib/gcc/riscv-none-embed/8.2.0/../../../../riscv-none-embed/lib/rv32imacxw/ilp32\libm.a(lib_a-e_rem_pio2.o)
                              c:/mounriver/mounriver_studio/toolchain/risc-v embedded gcc/bin/../lib/gcc/riscv-none-embed/8.2.0/../../../../riscv-none-embed/lib/rv32imacxw/ilp32\libm.a(lib_a-s_sin.o) (__ieee754_rem_pio2)
c:/mounriver/mounriver_studio/toolchain/risc-v embedded gcc/bin/../lib/gcc/riscv-none-embed/8.2.0/../../../../riscv-none-embed/lib/rv32imacxw/ilp32\libm.a(lib_a-k_cos.o)
                              c:/mounriver/mounriver_studio/toolchain/risc-v embedded gcc/bin/../lib/gcc/riscv-none-embed/8.2.0/../../../../riscv-none-embed/lib/rv32imacxw/ilp32\libm.a(lib_a-s_sin.o) (__kernel_cos)
c:/mounriver/mounriver_studio/toolchain/risc-v embedded gcc/bin/../lib/gcc/riscv-none-embed/8.2.0/../../../../riscv-none-embed/lib/rv32imacxw/ilp32\libm.a(lib_a-k_rem_pio2.o)
                              c:/mounriver/mounriver_studio/toolchain/risc-v embedded gcc/bin/../lib/gcc/riscv-none-embed/8.2.0/../../../../riscv-none-embed/lib/rv32imacxw/ilp32\libm.a(lib_a-e_rem_pio2.o) (__kernel_rem_pio2)
c:/mounriver/mounriver_studio/toolchain/risc-v embedded gcc/bin/../lib/gcc/riscv-none-embed/8.2.0/../../../../riscv-none-embed/lib/rv32imacxw/ilp32\libm.a(lib_a-k_sin.o)
                              c:/mounriver/mounriver_studio/toolchain/risc-v embedded gcc/bin/../lib/gcc/riscv-none-embed/8.2.0/../../../../riscv-none-embed/lib/rv32imacxw/ilp32\libm.a(lib_a-s_sin.o) (__kernel_sin)
c:/mounriver/mounriver_studio/toolchain/risc-v embedded gcc/bin/../lib/gcc/riscv-none-embed/8.2.0/../../../../riscv-none-embed/lib/rv32imacxw/ilp32\libm.a(lib_a-s_fabs.o)
                              c:/mounriver/mounriver_studio/toolchain/risc-v embedded gcc/bin/../lib/gcc/riscv-none-embed/8.2.0/../../../../riscv-none-embed/lib/rv32imacxw/ilp32\libm.a(lib_a-e_rem_pio2.o) (fabs)
c:/mounriver/mounriver_studio/toolchain/risc-v embedded gcc/bin/../lib/gcc/riscv-none-embed/8.2.0/../../../../riscv-none-embed/lib/rv32imacxw/ilp32\libm.a(lib_a-s_floor.o)
                              c:/mounriver/mounriver_studio/toolchain/risc-v embedded gcc/bin/../lib/gcc/riscv-none-embed/8.2.0/../../../../riscv-none-embed/lib/rv32imacxw/ilp32\libm.a(lib_a-k_rem_pio2.o) (floor)
c:/mounriver/mounriver_studio/toolchain/risc-v embedded gcc/bin/../lib/gcc/riscv-none-embed/8.2.0/../../../../riscv-none-embed/lib/rv32imacxw/ilp32\libm.a(lib_a-s_scalbn.o)
                              c:/mounriver/mounriver_studio/toolchain/risc-v embedded gcc/bin/../lib/gcc/riscv-none-embed/8.2.0/../../../../riscv-none-embed/lib/rv32imacxw/ilp32\libm.a(lib_a-k_rem_pio2.o) (scalbn)
c:/mounriver/mounriver_studio/toolchain/risc-v embedded gcc/bin/../lib/gcc/riscv-none-embed/8.2.0/../../../../riscv-none-embed/lib/rv32imacxw/ilp32\libm.a(lib_a-s_copysign.o)
                              c:/mounriver/mounriver_studio/toolchain/risc-v embedded gcc/bin/../lib/gcc/riscv-none-embed/8.2.0/../../../../riscv-none-embed/lib/rv32imacxw/ilp32\libm.a(lib_a-s_scalbn.o) (copysign)
c:/mounriver/mounriver_studio/toolchain/risc-v embedded gcc/bin/../lib/gcc/riscv-none-embed/8.2.0/rv32imacxw/ilp32\libgcc.a(adddf3.o)
                              c:/mounriver/mounriver_studio/toolchain/risc-v embedded gcc/bin/../lib/gcc/riscv-none-embed/8.2.0/../../../../riscv-none-embed/lib/rv32imacxw/ilp32\libm.a(lib_a-e_rem_pio2.o) (__adddf3)
c:/mounriver/mounriver_studio/toolchain/risc-v embedded gcc/bin/../lib/gcc/riscv-none-embed/8.2.0/rv32imacxw/ilp32\libgcc.a(divdf3.o)
                              ./User/led.o (__divdf3)
c:/mounriver/mounriver_studio/toolchain/risc-v embedded gcc/bin/../lib/gcc/riscv-none-embed/8.2.0/rv32imacxw/ilp32\libgcc.a(eqdf2.o)
                              c:/mounriver/mounriver_studio/toolchain/risc-v embedded gcc/bin/../lib/gcc/riscv-none-embed/8.2.0/../../../../riscv-none-embed/lib/rv32imacxw/ilp32\libm.a(lib_a-e_rem_pio2.o) (__eqdf2)
c:/mounriver/mounriver_studio/toolchain/risc-v embedded gcc/bin/../lib/gcc/riscv-none-embed/8.2.0/rv32imacxw/ilp32\libgcc.a(gedf2.o)
                              c:/mounriver/mounriver_studio/toolchain/risc-v embedded gcc/bin/../lib/gcc/riscv-none-embed/8.2.0/../../../../riscv-none-embed/lib/rv32imacxw/ilp32\libm.a(lib_a-k_rem_pio2.o) (__gedf2)
c:/mounriver/mounriver_studio/toolchain/risc-v embedded gcc/bin/../lib/gcc/riscv-none-embed/8.2.0/rv32imacxw/ilp32\libgcc.a(muldf3.o)
                              ./User/led.o (__muldf3)
c:/mounriver/mounriver_studio/toolchain/risc-v embedded gcc/bin/../lib/gcc/riscv-none-embed/8.2.0/rv32imacxw/ilp32\libgcc.a(subdf3.o)
[...]
Memory Configuration

Name             Origin             Length             Attributes
FLASH            0x0000000000000000 0x000000000000f000 xr
RAM              0x0000000020000000 0x0000000000005000 xrw
*default*        0x0000000000000000 0xffffffffffffffff

Linker script and memory map

LOAD ./User/CanOpenNode.o
LOAD ./User/ch32v20x_it.o
LOAD ./User/flash_data.o
LOAD ./User/init.o
LOAD ./User/keyboard.o
LOAD ./User/led.o
LOAD ./User/main.o
LOAD ./User/process.o
LOAD ./User/system_ch32v20x.o
LOAD ./Startup/startup_ch32v20x_D6.o
LOAD ./Peripheral/src/ch32v20x_adc.o
LOAD ./Peripheral/src/ch32v20x_bkp.o
LOAD ./Peripheral/src/ch32v20x_can.o
LOAD ./Peripheral/src/ch32v20x_crc.o
LOAD ./Peripheral/src/ch32v20x_dbgmcu.o
LOAD ./Peripheral/src/ch32v20x_dma.o
LOAD ./Peripheral/src/ch32v20x_exti.o
LOAD ./Peripheral/src/ch32v20x_flash.o
LOAD ./Peripheral/src/ch32v20x_gpio.o
LOAD ./Peripheral/src/ch32v20x_i2c.o
LOAD ./Peripheral/src/ch32v20x_iwdg.o
LOAD ./Peripheral/src/ch32v20x_misc.o
LOAD ./Peripheral/src/ch32v20x_opa.o
LOAD ./Peripheral/src/ch32v20x_pwr.o
LOAD ./Peripheral/src/ch32v20x_rcc.o
LOAD ./Peripheral/src/ch32v20x_rtc.o
LOAD ./Peripheral/src/ch32v20x_spi.o
LOAD ./Peripheral/src/ch32v20x_tim.o
LOAD ./Peripheral/src/ch32v20x_usart.o
LOAD ./Peripheral/src/ch32v20x_wwdg.o
LOAD ./FreeRTOS/portable/MemMang/heap_4.o
LOAD ./FreeRTOS/portable/GCC/RISC-V/port.o
LOAD ./FreeRTOS/portable/GCC/RISC-V/portASM.o
LOAD ./FreeRTOS/croutine.o
LOAD ./FreeRTOS/event_groups.o
LOAD ./FreeRTOS/list.o
LOAD ./FreeRTOS/queue.o
LOAD ./FreeRTOS/stream_buffer.o
LOAD ./FreeRTOS/tasks.o
LOAD ./FreeRTOS/timers.o
LOAD ./Debug/debug.o
LOAD ./Core/core_riscv.o
LOAD ./CANopenNode/keypad/CO_driver_ST32F103.o
LOAD ./CANopenNode/keypad/OD.o
LOAD ./CANopenNode/extra/CO_trace.o
LOAD ./CANopenNode/309/CO_gateway_ascii.o
LOAD ./CANopenNode/305/CO_LSSmaster.o
LOAD ./CANopenNode/305/CO_LSSslave.o
LOAD ./CANopenNode/304/CO_GFC.o
LOAD ./CANopenNode/304/CO_SRDO.o
LOAD ./CANopenNode/303/CO_LEDs.o
LOAD ./CANopenNode/301/CO_Emergency.o
LOAD ./CANopenNode/301/CO_HBconsumer.o
LOAD ./CANopenNode/301/CO_NMT_Heartbeat.o
LOAD ./CANopenNode/301/CO_ODinterface.o
LOAD ./CANopenNode/301/CO_PDO.o
LOAD ./CANopenNode/301/CO_SDOclient.o
LOAD ./CANopenNode/301/CO_SDOserver.o
LOAD ./CANopenNode/301/CO_SYNC.o
LOAD ./CANopenNode/301/CO_TIME.o
LOAD ./CANopenNode/301/CO_fifo.o
LOAD ./CANopenNode/301/crc16-ccitt.o
LOAD ./CANopenNode/CANopen.o
LOAD c:/mounriver/mounriver_studio/toolchain/risc-v embedded gcc/bin/../lib/gcc/riscv-none-embed/8.2.0/../../../../riscv-none-embed/lib/rv32imacxw/ilp32\libm.a
LOAD c:/mounriver/mounriver_studio/toolchain/risc-v embedded gcc/bin/../lib/gcc/riscv-none-embed/8.2.0/rv32imacxw/ilp32\libgcc.a
LOAD c:/mounriver/mounriver_studio/toolchain/risc-v embedded gcc/bin/../lib/gcc/riscv-none-embed/8.2.0/../../../../riscv-none-embed/lib/rv32imacxw/ilp32\libg_nano.a
LOAD c:/mounriver/mounriver_studio/toolchain/risc-v embedded gcc/bin/../lib/gcc/riscv-none-embed/8.2.0/../../../../riscv-none-embed/lib/rv32imacxw/ilp32\libc_nano.a
LOAD c:/mounriver/mounriver_studio/toolchain/risc-v embedded gcc/bin/../lib/gcc/riscv-none-embed/8.2.0/rv32imacxw/ilp32\libgcc.a
START GROUP
LOAD c:/mounriver/mounriver_studio/toolchain/risc-v embedded gcc/bin/../lib/gcc/riscv-none-embed/8.2.0/rv32imacxw/ilp32\libgcc.a
LOAD c:/mounriver/mounriver_studio/toolchain/risc-v embedded gcc/bin/../lib/gcc/riscv-none-embed/8.2.0/../../../../riscv-none-embed/lib/rv32imacxw/ilp32\libc_nano.a
LOAD c:/mounriver/mounriver_studio/toolchain/risc-v embedded gcc/bin/../lib/gcc/riscv-none-embed/8.2.0/../../../../riscv-none-embed/lib/rv32imacxw/ilp32\libnosys.a
END GROUP
START GROUP
LOAD c:/mounriver/mounriver_studio/toolchain/risc-v embedded gcc/bin/../lib/gcc/riscv-none-embed/8.2.0/rv32imacxw/ilp32\libgcc.a
LOAD c:/mounriver/mounriver_studio/toolchain/risc-v embedded gcc/bin/../lib/gcc/riscv-none-embed/8.2.0/../../../../riscv-none-embed/lib/rv32imacxw/ilp32\libc_nano.a
LOAD c:/mounriver/mounriver_studio/toolchain/risc-v embedded gcc/bin/../lib/gcc/riscv-none-embed/8.2.0/../../../../riscv-none-embed/lib/rv32imacxw/ilp32\libnosys.a
END GROUP
                0x0000000000000800                __stack_size = 0x800
                [!provide]                        PROVIDE (_stack_size = __stack_size)

.init           0x0000000000000000       0x38
                0x0000000000000000                _sinit = .
                0x0000000000000000                . = ALIGN (0x4)
 *(SORT_NONE(.init))
 .init          0x0000000000000000       0x38 ./Startup/startup_ch32v20x_D6.o
                0x0000000000000000                _start
                0x0000000000000038                . = ALIGN (0x4)
                0x0000000000000038                _einit = .

.vector         0x0000000000000038      0x108
 *(.vector)
 .vector        0x0000000000000038       0xfc ./Startup/startup_ch32v20x_D6.o
                0x0000000000000140                . = ALIGN (0x40)
 *fill*         0x0000000000000134        0xc 

.text           0x0000000000000200     0xd5a4
                0x0000000000000200                . = ALIGN (0x4)
 *(.text)
 .text          0x0000000000000200      0x2ee ./FreeRTOS/portable/GCC/RISC-V/portASM.o
                0x0000000000000200                SW_Handler
                0x0000000000000300                xPortStartFirstTask
                0x0000000000000400                pxPortInitialiseStack
 .text          0x00000000000004ee       0x60 c:/mounriver/mounriver_studio/toolchain/risc-v embedded gcc/bin/../lib/gcc/riscv-none-embed/8.2.0/rv32imacxw/ilp32\libgcc.a(save-restore.o)
                0x00000000000004ee                __riscv_save_12
                0x00000000000004f6                __riscv_save_9
                0x00000000000004f6                __riscv_save_11
                0x00000000000004f6                __riscv_save_10
                0x00000000000004f6                __riscv_save_8
                0x0000000000000504                __riscv_save_4
                0x0000000000000504                __riscv_save_6
                0x0000000000000504                __riscv_save_5
                0x0000000000000504                __riscv_save_7
                0x000000000000051e                __riscv_save_3
                0x000000000000051e                __riscv_save_2
                0x000000000000051e                __riscv_save_1
                0x000000000000051e                __riscv_save_0
                0x000000000000052a                __riscv_restore_12
                0x000000000000052e                __riscv_restore_11
                0x000000000000052e                __riscv_restore_9
                0x000000000000052e                __riscv_restore_10
                0x000000000000052e                __riscv_restore_8
                0x0000000000000538                __riscv_restore_5
                0x0000000000000538                __riscv_restore_7
                0x0000000000000538                __riscv_restore_6
                0x0000000000000538                __riscv_restore_4
                0x0000000000000542                __riscv_restore_3
                0x0000000000000542                __riscv_restore_0
                0x0000000000000542                __riscv_restore_2
                0x0000000000000542                __riscv_restore_1
 .text          0x000000000000054e       0xa8 c:/mounriver/mounriver_studio/toolchain/risc-v embedded gcc/bin/../lib/gcc/riscv-none-embed/8.2.0/../../../../riscv-none-embed/lib/rv32imacxw/ilp32\libg_nano.a(lib_a-memset.o)
                0x000000000000054e                memset
 *(.text.*)
 .text.vCanOpenInit
                0x00000000000005f6        0xa ./User/CanOpenNode.o
                0x00000000000005f6                vCanOpenInit
 .text.vCanOpenProcess
                0x0000000000000600      0x192 ./User/CanOpenNode.o
                0x0000000000000600                vCanOpenProcess
 .text.vCanOpenPeriodicProcess
                0x0000000000000792       0x82 ./User/CanOpenNode.o
                0x0000000000000792                vCanOpenPeriodicProcess
 .text.NMI_Handler
                0x0000000000000814        0x2 ./User/ch32v20x_it.o
                0x0000000000000814                NMI_Handler
 .text.HardFault_Handler
                0x0000000000000816       0x66 ./User/ch32v20x_it.o
                0x0000000000000816                HardFault_Handler
 .text.USB_HP_CAN1_TX_IRQHandler
                0x000000000000087c       0xd8 ./User/ch32v20x_it.o
                0x000000000000087c                USB_HP_CAN1_TX_IRQHandler
 .text.USB_LP_CAN1_RX0_IRQHandler
                0x0000000000000954       0x56 ./User/ch32v20x_it.o
                0x0000000000000954                USB_LP_CAN1_RX0_IRQHandler
 .text.CAN1_RX1_IRQHandler
                0x00000000000009aa       0x56 ./User/ch32v20x_it.o
                0x00000000000009aa                CAN1_RX1_IRQHandler
 .text.CAN1_SCE_IRQHandler
                0x0000000000000a00       0x54 ./User/ch32v20x_it.o
                0x0000000000000a00                CAN1_SCE_IRQHandler
 .text.TIM3_IRQHandler
                0x0000000000000a54       0x8a ./User/ch32v20x_it.o
                0x0000000000000a54                TIM3_IRQHandler
 .text.vFDWtiteReg
                0x0000000000000ade       0x44 ./User/flash_data.o
 .text.vFDInit  0x0000000000000b22      0x104 ./User/flash_data.o
                0x0000000000000b22                vFDInit
 .text.vFDSetRegState
                0x0000000000000c26       0x16 ./User/flash_data.o
                0x0000000000000c26                vFDSetRegState
 .text.vFDSetRegState16
                0x0000000000000c3c       0x22 ./User/flash_data.o
                0x0000000000000c3c                vFDSetRegState16
 .text.vFDGetRegState
                0x0000000000000c5e       0x36 ./User/flash_data.o
                0x0000000000000c5e                vFDGetRegState
 .text.vGetBitrate
                0x0000000000000c94       0x58 ./User/flash_data.o
                0x0000000000000c94                vGetBitrate
 .text.vFDGetNMTState
                0x0000000000000cec       0x40 ./User/flash_data.o
                0x0000000000000cec                vFDGetNMTState
 .text.vGetNodeId
                0x0000000000000d2c       0x26 ./User/flash_data.o
                0x0000000000000d2c                vGetNodeId
 .text.vInit_DeviceConfig
                0x0000000000000d52      0x32c ./User/init.o
                0x0000000000000d52                vInit_DeviceConfig
 .text.DMA_Tx_Init
                0x000000000000107e       0x4e ./User/init.o
                0x000000000000107e                DMA_Tx_Init
 .text.vSetupKeyboard
                0x00000000000010cc       0x20 ./User/keyboard.o
                0x00000000000010cc                vSetupKeyboard
 .text.pGetKeyboardQueue
                0x00000000000010ec        0xa ./User/keyboard.o
                0x00000000000010ec                pGetKeyboardQueue
 .text.vKeyboardTask
                0x00000000000010f6      0x10c ./User/keyboard.o
                0x00000000000010f6                vKeyboardTask
 .text.calcBrigt.part.0
                0x0000000000001202       0x48 ./User/led.o
 .text.vLedDriverStart
                0x000000000000124a      0x2a4 ./User/led.o
                0x000000000000124a                vLedDriverStart
 .text.vSetLedOn
                0x00000000000014ee       0x10 ./User/led.o
                0x00000000000014ee                vSetLedOn
 .text.vSetLedBlink
                0x00000000000014fe       0x10 ./User/led.o
                0x00000000000014fe                vSetLedBlink
 .text.vSetLedBrigth
                0x000000000000150e       0x20 ./User/led.o
                0x000000000000150e                vSetLedBrigth
 .text.vSetBackLigthColor
                0x000000000000152e       0x4e ./User/led.o
                0x000000000000152e                vSetBackLigthColor
 .text.vSetBackLigth
                0x000000000000157c       0x28 ./User/led.o
                0x000000000000157c                vSetBackLigth
 .text.vSetBrigth
                0x00000000000015a4       0x9a ./User/led.o
                0x00000000000015a4                vSetBrigth
 .text.vLedInit
                0x000000000000163e       0x26 ./User/led.o
                0x000000000000163e                vLedInit
 .text.vLedProcess
                0x0000000000001664      0x1b8 ./User/led.o
                0x0000000000001664                vLedProcess
 .text.StartDefaultTask
                0x000000000000181c       0x3c ./User/main.o
                0x000000000000181c                StartDefaultTask
 .text.startup.main
                0x0000000000001858      0x13e ./User/main.o
                0x0000000000001858                main
 .text.vRestartNode
                0x0000000000001996       0x20 ./User/main.o
                0x0000000000001996                vRestartNode
 .text.Error_Handler
                0x00000000000019b6        0x8 ./User/main.o
                0x00000000000019b6                Error_Handler
 .text.OD_writeBlink
                0x00000000000019be       0x48 ./User/process.o
 .text.OD_writeNode
                0x0000000000001a06       0x2c ./User/process.o
 .text.OD_writeBITRATE
                0x0000000000001a32       0x28 ./User/process.o
 .text.OD_writeBRIGTH
                0x0000000000001a5a       0xa8 ./User/process.o
 .text.OD_writeLed
                0x0000000000001b02       0x52 ./User/process.o
 .text.OD_writeNMT
                0x0000000000001b54       0x28 ./User/process.o
 .text.OD_writeKeyboardParametr
                0x0000000000001b7c       0x68 ./User/process.o
 .text.OD_writePWM
                0x0000000000001be4       0x5a ./User/process.o
 .text.vProceesInit
                0x0000000000001c3e       0xd4 ./User/process.o
                0x0000000000001c3e                vProceesInit
 .text.vProcessTask
                0x0000000000001d12       0xea ./User/process.o
                0x0000000000001d12                vProcessTask
 .text.SystemInit
                0x0000000000001dfc       0xee ./User/system_ch32v20x.o
                0x0000000000001dfc                SystemInit
 .text.SystemCoreClockUpdate
                0x0000000000001eea       0x8e ./User/system_ch32v20x.o
                0x0000000000001eea                SystemCoreClockUpdate
 .text.vector_handler
                0x0000000000001f78       0x6c ./Startup/startup_ch32v20x_D6.o
                0x0000000000001f7c                Ecall_M_Mode_Handler
                0x0000000000001f7e                Ecall_U_Mode_Handler
                0x0000000000001f80                Break_Point_Handler
                0x0000000000001f86                WWDG_IRQHandler
                0x0000000000001f88                PVD_IRQHandler
                0x0000000000001f8a                TAMPER_IRQHandler
                0x0000000000001f8c                RTC_IRQHandler
                0x0000000000001f8e                FLASH_IRQHandler
                0x0000000000001f90                RCC_IRQHandler
                0x0000000000001f92                EXTI0_IRQHandler
                0x0000000000001f94                EXTI1_IRQHandler
                0x0000000000001f96                EXTI2_IRQHandler
                0x0000000000001f98                EXTI3_IRQHandler
                0x0000000000001f9a                EXTI4_IRQHandler
                0x0000000000001f9c                DMA1_Channel1_IRQHandler
                0x0000000000001f9e                DMA1_Channel2_IRQHandler
                0x0000000000001fa0                DMA1_Channel3_IRQHandler
                0x0000000000001fa2                DMA1_Channel4_IRQHandler
                0x0000000000001fa4                DMA1_Channel5_IRQHandler
                0x0000000000001fa6                DMA1_Channel6_IRQHandler
                0x0000000000001fa8                DMA1_Channel7_IRQHandler
                0x0000000000001faa                ADC1_2_IRQHandler
                0x0000000000001fb4                EXTI9_5_IRQHandler
                0x0000000000001fb6                TIM1_BRK_IRQHandler
                0x0000000000001fb8                TIM1_UP_IRQHandler
                0x0000000000001fba                TIM1_TRG_COM_IRQHandler
                0x0000000000001fbc                TIM1_CC_IRQHandler
                0x0000000000001fbe                TIM2_IRQHandler
                0x0000000000001fc2                TIM4_IRQHandler
                0x0000000000001fc4                I2C1_EV_IRQHandler
                0x0000000000001fc6                I2C1_ER_IRQHandler
                0x0000000000001fc8                I2C2_EV_IRQHandler
                0x0000000000001fca                I2C2_ER_IRQHandler
                0x0000000000001fcc                SPI1_IRQHandler
                0x0000000000001fce                SPI2_IRQHandler
                0x0000000000001fd0                USART1_IRQHandler
                0x0000000000001fd2                USART2_IRQHandler
                0x0000000000001fd4                USART3_IRQHandler
                0x0000000000001fd6                EXTI15_10_IRQHandler
                0x0000000000001fd8                RTCAlarm_IRQHandler
                0x0000000000001fda                USBWakeUp_IRQHandler
                0x0000000000001fdc                USBHD_IRQHandler
                0x0000000000001fde                USBHDWakeUp_IRQHandler
                0x0000000000001fe0                UART4_IRQHandler
                0x0000000000001fe2                DMA1_Channel8_IRQHandler
 .text.handle_reset
                0x0000000000001fe4       0x92 ./Startup/startup_ch32v20x_D6.o
                0x0000000000001fe4                handle_reset
 .text.CAN_Init
                0x0000000000002076       0xe8 ./Peripheral/src/ch32v20x_can.o
                0x0000000000002076                CAN_Init
 .text.CAN_FilterInit
                0x000000000000215e      0x118 ./Peripheral/src/ch32v20x_can.o
                0x000000000000215e                CAN_FilterInit
 .text.CAN_Transmit
                0x0000000000002276       0xbc ./Peripheral/src/ch32v20x_can.o
                0x0000000000002276                CAN_Transmit
 .text.CAN_Receive
                0x0000000000002332       0x8c ./Peripheral/src/ch32v20x_can.o
                0x0000000000002332                CAN_Receive
 .text.CAN_OperatingModeRequest
                0x00000000000023be       0x72 ./Peripheral/src/ch32v20x_can.o
                0x00000000000023be                CAN_OperatingModeRequest
 .text.CAN_ITConfig
                0x0000000000002430       0x12 ./Peripheral/src/ch32v20x_can.o
                0x0000000000002430                CAN_ITConfig
 .text.CAN_GetFlagStatus
                0x0000000000002442       0x56 ./Peripheral/src/ch32v20x_can.o
                0x0000000000002442                CAN_GetFlagStatus
 .text.CAN_ClearFlag
                0x0000000000002498       0x40 ./Peripheral/src/ch32v20x_can.o
                0x0000000000002498                CAN_ClearFlag
 .text.CAN_GetITStatus
                0x00000000000024d8       0xd0 ./Peripheral/src/ch32v20x_can.o
                0x00000000000024d8                CAN_GetITStatus
 .text.CAN_ClearITPendingBit
                0x00000000000025a8       0x94 ./Peripheral/src/ch32v20x_can.o
                0x00000000000025a8                CAN_ClearITPendingBit
 .text.DBGMCU_GetCHIPID
                0x000000000000263c        0xa ./Peripheral/src/ch32v20x_dbgmcu.o
                0x000000000000263c                DBGMCU_GetCHIPID
 .text.DMA_DeInit
                0x0000000000002646       0x9c ./Peripheral/src/ch32v20x_dma.o
                0x0000000000002646                DMA_DeInit
 .text.DMA_Init
                0x00000000000026e2       0x38 ./Peripheral/src/ch32v20x_dma.o
                0x00000000000026e2                DMA_Init
 .text.DMA_Cmd  0x000000000000271a       0x14 ./Peripheral/src/ch32v20x_dma.o
                0x000000000000271a                DMA_Cmd
 .text.DMA_SetCurrDataCounter
                0x000000000000272e        0x4 ./Peripheral/src/ch32v20x_dma.o
                0x000000000000272e                DMA_SetCurrDataCounter
 .text.DMA_GetFlagStatus
                0x0000000000002732        0xe ./Peripheral/src/ch32v20x_dma.o
                0x0000000000002732                DMA_GetFlagStatus
 .text.DMA_ClearFlag
                0x0000000000002740        0x8 ./Peripheral/src/ch32v20x_dma.o
                0x0000000000002740                DMA_ClearFlag
 .text.FLASH_Unlock
                0x0000000000002748       0x1a ./Peripheral/src/ch32v20x_flash.o
                0x0000000000002748                FLASH_Unlock
 .text.FLASH_Lock
                0x0000000000002762        0xe ./Peripheral/src/ch32v20x_flash.o
                0x0000000000002762                FLASH_Lock
 .text.FLASH_GetBank1Status
                0x0000000000002770       0x18 ./Peripheral/src/ch32v20x_flash.o
                0x0000000000002770                FLASH_GetBank1Status
 .text.FLASH_WaitForLastOperation
                0x0000000000002788       0x20 ./Peripheral/src/ch32v20x_flash.o
                0x0000000000002788                FLASH_WaitForLastOperation
 .text.FLASH_ErasePage
                0x00000000000027a8       0x38 ./Peripheral/src/ch32v20x_flash.o
                0x00000000000027a8                FLASH_ErasePage
 .text.FLASH_ProgramWord
                0x00000000000027e0       0x4e ./Peripheral/src/ch32v20x_flash.o
                0x00000000000027e0                FLASH_ProgramWord
 .text.GPIO_Init
                0x000000000000282e       0xfa ./Peripheral/src/ch32v20x_gpio.o
                0x000000000000282e                GPIO_Init
 .text.GPIO_ReadInputDataBit
                0x0000000000002928       0x1e ./Peripheral/src/ch32v20x_gpio.o
                0x0000000000002928                GPIO_ReadInputDataBit
 .text.GPIO_SetBits
                0x0000000000002946       0x18 ./Peripheral/src/ch32v20x_gpio.o
                0x0000000000002946                GPIO_SetBits
 .text.GPIO_ResetBits
                0x000000000000295e       0x18 ./Peripheral/src/ch32v20x_gpio.o
                0x000000000000295e                GPIO_ResetBits
 .text.GPIO_PinRemapConfig
                0x0000000000002976       0xf2 ./Peripheral/src/ch32v20x_gpio.o
                0x0000000000002976                GPIO_PinRemapConfig
 .text.IWDG_WriteAccessCmd
                0x0000000000002a68        0x8 ./Peripheral/src/ch32v20x_iwdg.o
                0x0000000000002a68                IWDG_WriteAccessCmd
 .text.IWDG_SetPrescaler
                0x0000000000002a70        0x8 ./Peripheral/src/ch32v20x_iwdg.o
                0x0000000000002a70                IWDG_SetPrescaler
 .text.IWDG_SetReload
                0x0000000000002a78        0x8 ./Peripheral/src/ch32v20x_iwdg.o
                0x0000000000002a78                IWDG_SetReload
 .text.IWDG_ReloadCounter
                0x0000000000002a80        0xe ./Peripheral/src/ch32v20x_iwdg.o
                0x0000000000002a80                IWDG_ReloadCounter
 .text.IWDG_Enable
                0x0000000000002a8e        0xe ./Peripheral/src/ch32v20x_iwdg.o
                0x0000000000002a8e                IWDG_Enable
 .text.NVIC_PriorityGroupConfig
                0x0000000000002a9c        0xa ./Peripheral/src/ch32v20x_misc.o
                0x0000000000002a9c                NVIC_PriorityGroupConfig
 .text.NVIC_Init
                0x0000000000002aa6       0xaa ./Peripheral/src/ch32v20x_misc.o
                0x0000000000002aa6                NVIC_Init
 .text.RCC_GetClocksFreq
                0x0000000000002b50       0xbe ./Peripheral/src/ch32v20x_rcc.o
                0x0000000000002b50                RCC_GetClocksFreq
 .text.RCC_AHBPeriphClockCmd
                0x0000000000002c0e       0x1e ./Peripheral/src/ch32v20x_rcc.o
                0x0000000000002c0e                RCC_AHBPeriphClockCmd
 .text.RCC_APB2PeriphClockCmd
                0x0000000000002c2c       0x1e ./Peripheral/src/ch32v20x_rcc.o
                0x0000000000002c2c                RCC_APB2PeriphClockCmd
 .text.RCC_APB1PeriphClockCmd
                0x0000000000002c4a       0x1e ./Peripheral/src/ch32v20x_rcc.o
                0x0000000000002c4a                RCC_APB1PeriphClockCmd
 .text.RCC_APB2PeriphResetCmd
                0x0000000000002c68       0x1e ./Peripheral/src/ch32v20x_rcc.o
                0x0000000000002c68                RCC_APB2PeriphResetCmd
 .text.RCC_APB1PeriphResetCmd
                0x0000000000002c86       0x1e ./Peripheral/src/ch32v20x_rcc.o
                0x0000000000002c86                RCC_APB1PeriphResetCmd
 .text.SPI_I2S_DeInit
                0x0000000000002ca4       0x36 ./Peripheral/src/ch32v20x_spi.o
                0x0000000000002ca4                SPI_I2S_DeInit
 .text.SPI_Init
                0x0000000000002cda       0x3e ./Peripheral/src/ch32v20x_spi.o
                0x0000000000002cda                SPI_Init
 .text.SPI_Cmd  0x0000000000002d18       0x1a ./Peripheral/src/ch32v20x_spi.o
                0x0000000000002d18                SPI_Cmd
 .text.SPI_I2S_DMACmd
                0x0000000000002d32       0x12 ./Peripheral/src/ch32v20x_spi.o
                0x0000000000002d32                SPI_I2S_DMACmd
 .text.SPI_I2S_ClearFlag
                0x0000000000002d44        0xc ./Peripheral/src/ch32v20x_spi.o
                0x0000000000002d44                SPI_I2S_ClearFlag
 .text.TIM_DeInit
                0x0000000000002d50       0x7c ./Peripheral/src/ch32v20x_tim.o
                0x0000000000002d50                TIM_DeInit
 .text.TIM_TimeBaseInit
                0x0000000000002dcc       0x6a ./Peripheral/src/ch32v20x_tim.o
                0x0000000000002dcc                TIM_TimeBaseInit
 .text.TIM_OC1Init
                0x0000000000002e36       0x6a ./Peripheral/src/ch32v20x_tim.o
                0x0000000000002e36                TIM_OC1Init
 .text.TIM_OC2Init
                0x0000000000002ea0       0x96 ./Peripheral/src/ch32v20x_tim.o
                0x0000000000002ea0                TIM_OC2Init
 .text.TIM_OC3Init
                0x0000000000002f36       0x94 ./Peripheral/src/ch32v20x_tim.o
                0x0000000000002f36                TIM_OC3Init
 .text.TIM_TimeBaseStructInit
                0x0000000000002fca       0x16 ./Peripheral/src/ch32v20x_tim.o
                0x0000000000002fca                TIM_TimeBaseStructInit
 .text.TIM_Cmd  0x0000000000002fe0       0x18 ./Peripheral/src/ch32v20x_tim.o
                0x0000000000002fe0                TIM_Cmd
 .text.TIM_CtrlPWMOutputs
                0x0000000000002ff8       0x16 ./Peripheral/src/ch32v20x_tim.o
                0x0000000000002ff8                TIM_CtrlPWMOutputs
 .text.TIM_ITConfig
                0x000000000000300e       0x12 ./Peripheral/src/ch32v20x_tim.o
                0x000000000000300e                TIM_ITConfig
 .text.TIM_InternalClockConfig
                0x0000000000003020       0x10 ./Peripheral/src/ch32v20x_tim.o
                0x0000000000003020                TIM_InternalClockConfig
 .text.TIM_ARRPreloadConfig
                0x0000000000003030       0x1a ./Peripheral/src/ch32v20x_tim.o
                0x0000000000003030                TIM_ARRPreloadConfig
 .text.TIM_OC1PreloadConfig
                0x000000000000304a        0xe ./Peripheral/src/ch32v20x_tim.o
                0x000000000000304a                TIM_OC1PreloadConfig
 .text.TIM_OC2PreloadConfig
                0x0000000000003058       0x16 ./Peripheral/src/ch32v20x_tim.o
                0x0000000000003058                TIM_OC2PreloadConfig
 .text.TIM_OC3PreloadConfig
                0x000000000000306e        0xe ./Peripheral/src/ch32v20x_tim.o
                0x000000000000306e                TIM_OC3PreloadConfig
 .text.TIM_GetCounter
                0x000000000000307c        0x4 ./Peripheral/src/ch32v20x_tim.o
                0x000000000000307c                TIM_GetCounter
 .text.TIM_GetITStatus
                0x0000000000003080       0x18 ./Peripheral/src/ch32v20x_tim.o
                0x0000000000003080                TIM_GetITStatus
 .text.TIM_ClearITPendingBit
                0x0000000000003098        0xc ./Peripheral/src/ch32v20x_tim.o
                0x0000000000003098                TIM_ClearITPendingBit
 .text.USART_Init
                0x00000000000030a4       0xbc ./Peripheral/src/ch32v20x_usart.o
                0x00000000000030a4                USART_Init
 .text.USART_Cmd
                0x0000000000003160       0x16 ./Peripheral/src/ch32v20x_usart.o
                0x0000000000003160                USART_Cmd
 .text.USART_SendData
                0x0000000000003176        0x8 ./Peripheral/src/ch32v20x_usart.o
                0x0000000000003176                USART_SendData
 .text.USART_GetFlagStatus
                0x000000000000317e        0xa ./Peripheral/src/ch32v20x_usart.o
                0x000000000000317e                USART_GetFlagStatus
 .text.prvInsertBlockIntoFreeList
                0x0000000000003188       0x4c ./FreeRTOS/portable/MemMang/heap_4.o
 .text.pvPortMalloc
                0x00000000000031d4      0x18c ./FreeRTOS/portable/MemMang/heap_4.o
                0x00000000000031d4                pvPortMalloc
 .text.vPortFree
                0x0000000000003360       0xa8 ./FreeRTOS/portable/MemMang/heap_4.o
                0x0000000000003360                vPortFree
 .text.vPortSetupTimerInterrupt
                0x0000000000003408       0x3a ./FreeRTOS/portable/GCC/RISC-V/port.o
                0x0000000000003408                vPortSetupTimerInterrupt
 .text.xPortStartScheduler
                0x0000000000003442       0x8e ./FreeRTOS/portable/GCC/RISC-V/port.o
                0x0000000000003442                xPortStartScheduler
 .text.SysTick_Handler
                0x00000000000034d0       0x7c ./FreeRTOS/portable/GCC/RISC-V/port.o
                0x00000000000034d0                SysTick_Handler
 .text.vPortEnterCritical
                0x000000000000354c       0x16 ./FreeRTOS/portable/GCC/RISC-V/port.o
                0x000000000000354c                vPortEnterCritical
 .text.vPortExitCritical
                0x0000000000003562       0x42 ./FreeRTOS/portable/GCC/RISC-V/port.o
                0x0000000000003562                vPortExitCritical
 .text.xPortSetInterruptMask
                0x00000000000035a4        0xc ./FreeRTOS/portable/GCC/RISC-V/port.o
                0x00000000000035a4                xPortSetInterruptMask
 .text.vPortClearInterruptMask
                0x00000000000035b0        0x6 ./FreeRTOS/portable/GCC/RISC-V/port.o
                0x00000000000035b0                vPortClearInterruptMask
 .text.xEventGroupCreate
                0x00000000000035b6       0x1c ./FreeRTOS/event_groups.o
                0x00000000000035b6                xEventGroupCreate
 .text.xEventGroupClearBits
                0x00000000000035d2       0x76 ./FreeRTOS/event_groups.o
                0x00000000000035d2                xEventGroupClearBits
 .text.xEventGroupSetBits
                0x0000000000003648       0xc8 ./FreeRTOS/event_groups.o
                0x0000000000003648                xEventGroupSetBits
 .text.vEventGroupClearBitsCallback
                0x0000000000003710        0xc ./FreeRTOS/event_groups.o
                0x0000000000003710                vEventGroupClearBitsCallback
 .text.vListInitialise
                0x000000000000371c       0x14 ./FreeRTOS/list.o
                0x000000000000371c                vListInitialise
 .text.vListInitialiseItem
                0x0000000000003730        0x6 ./FreeRTOS/list.o
                0x0000000000003730                vListInitialiseItem
 .text.vListInsert
                0x0000000000003736       0x2e ./FreeRTOS/list.o
                0x0000000000003736                vListInsert
 .text.uxListRemove
                0x0000000000003764       0x20 ./FreeRTOS/list.o
                0x0000000000003764                uxListRemove
 .text.prvIsQueueEmpty
                0x0000000000003784       0x1e ./FreeRTOS/queue.o
 .text.prvCopyDataToQueue
                0x00000000000037a2       0x72 ./FreeRTOS/queue.o
 .text.prvCopyDataFromQueue
                0x0000000000003814       0x28 ./FreeRTOS/queue.o
 .text.prvUnlockQueue
                0x000000000000383c       0x76 ./FreeRTOS/queue.o
 .text.xQueueGenericReset
                0x00000000000038b2       0xc4 ./FreeRTOS/queue.o
                0x00000000000038b2                xQueueGenericReset
 .text.xQueueGenericCreate
                0x0000000000003976       0x6e ./FreeRTOS/queue.o
                0x0000000000003976                xQueueGenericCreate
 .text.xQueueGenericSend
                0x00000000000039e4      0x1a8 ./FreeRTOS/queue.o
                0x00000000000039e4                xQueueGenericSend
 .text.xQueueCreateMutex
                0x0000000000003b8c       0x2e ./FreeRTOS/queue.o
                0x0000000000003b8c                xQueueCreateMutex
 .text.xQueueGiveMutexRecursive
                0x0000000000003bba       0x56 ./FreeRTOS/queue.o
                0x0000000000003bba                xQueueGiveMutexRecursive
 .text.xQueueGenericSendFromISR
                0x0000000000003c10      0x128 ./FreeRTOS/queue.o
                0x0000000000003c10                xQueueGenericSendFromISR
 .text.xQueueReceive
                0x0000000000003d38      0x166 ./FreeRTOS/queue.o
                0x0000000000003d38                xQueueReceive
 .text.xQueueSemaphoreTake
                0x0000000000003e9e      0x1ba ./FreeRTOS/queue.o
                0x0000000000003e9e                xQueueSemaphoreTake
 .text.xQueueTakeMutexRecursive
                0x0000000000004058       0x5a ./FreeRTOS/queue.o
                0x0000000000004058                xQueueTakeMutexRecursive
 .text.uxQueueMessagesWaiting
                0x00000000000040b2       0x44 ./FreeRTOS/queue.o
                0x00000000000040b2                uxQueueMessagesWaiting
 .text.vQueueAddToRegistry
                0x00000000000040f6       0x6c ./FreeRTOS/queue.o
                0x00000000000040f6                vQueueAddToRegistry
 .text.vQueueWaitForMessageRestricted
                0x0000000000004162       0x5c ./FreeRTOS/queue.o
                0x0000000000004162                vQueueWaitForMessageRestricted
 .text.prvIdleTask
                0x00000000000041be        0x2 ./FreeRTOS/tasks.o
 .text.prvResetNextTaskUnblockTime
                0x00000000000041c0       0x24 ./FreeRTOS/tasks.o
 .text.prvAddCurrentTaskToDelayedList
                0x00000000000041e4       0xa6 ./FreeRTOS/tasks.o
 .text.xTaskCreate
                0x000000000000428a      0x1f6 ./FreeRTOS/tasks.o
                0x000000000000428a                xTaskCreate
 .text.vTaskStartScheduler
                0x0000000000004480       0x92 ./FreeRTOS/tasks.o
                0x0000000000004480                vTaskStartScheduler
 .text.vTaskSuspendAll
                0x0000000000004512       0x10 ./FreeRTOS/tasks.o
                0x0000000000004512                vTaskSuspendAll
 .text.xTaskGetTickCount
                0x0000000000004522        0xa ./FreeRTOS/tasks.o
                0x0000000000004522                xTaskGetTickCount
 .text.xTaskIncrementTick
                0x000000000000452c      0x1a8 ./FreeRTOS/tasks.o
                0x000000000000452c                xTaskIncrementTick
 .text.xTaskResumeAll
                0x00000000000046d4      0x15c ./FreeRTOS/tasks.o
                0x00000000000046d4                xTaskResumeAll
 .text.vTaskDelay
                0x0000000000004830       0x66 ./FreeRTOS/tasks.o
                0x0000000000004830                vTaskDelay
 .text.vTaskSwitchContext
                0x0000000000004896       0x96 ./FreeRTOS/tasks.o
                0x0000000000004896                vTaskSwitchContext
 .text.vTaskPlaceOnEventList
                0x000000000000492c       0x48 ./FreeRTOS/tasks.o
                0x000000000000492c                vTaskPlaceOnEventList
 .text.vTaskPlaceOnEventListRestricted
                0x0000000000004974       0x76 ./FreeRTOS/tasks.o
                0x0000000000004974                vTaskPlaceOnEventListRestricted
 .text.xTaskRemoveFromEventList
                0x00000000000049ea       0xe8 ./FreeRTOS/tasks.o
                0x00000000000049ea                xTaskRemoveFromEventList
 .text.vTaskRemoveFromUnorderedEventList
                0x0000000000004ad2       0xf6 ./FreeRTOS/tasks.o
                0x0000000000004ad2                vTaskRemoveFromUnorderedEventList
 .text.vTaskInternalSetTimeOutState
                0x0000000000004bc8       0x16 ./FreeRTOS/tasks.o
                0x0000000000004bc8                vTaskInternalSetTimeOutState
 .text.xTaskCheckForTimeOut
                0x0000000000004bde       0xca ./FreeRTOS/tasks.o
                0x0000000000004bde                xTaskCheckForTimeOut
 .text.vTaskMissedYield
                0x0000000000004ca8        0x8 ./FreeRTOS/tasks.o
                0x0000000000004ca8                vTaskMissedYield
 .text.xTaskGetCurrentTaskHandle
                0x0000000000004cb0        0xa ./FreeRTOS/tasks.o
                0x0000000000004cb0                xTaskGetCurrentTaskHandle
 .text.xTaskGetSchedulerState
                0x0000000000004cba       0x1c ./FreeRTOS/tasks.o
                0x0000000000004cba                xTaskGetSchedulerState
 .text.xTaskPriorityInherit
                0x0000000000004cd6       0xae ./FreeRTOS/tasks.o
                0x0000000000004cd6                xTaskPriorityInherit
 .text.xTaskPriorityDisinherit
                0x0000000000004d84       0xca ./FreeRTOS/tasks.o
                0x0000000000004d84                xTaskPriorityDisinherit
 .text.vTaskPriorityDisinheritAfterTimeout
                0x0000000000004e4e       0xe6 ./FreeRTOS/tasks.o
                0x0000000000004e4e                vTaskPriorityDisinheritAfterTimeout
 .text.pvTaskIncrementMutexHeldCount
                0x0000000000004f34       0x1c ./FreeRTOS/tasks.o
                0x0000000000004f34                pvTaskIncrementMutexHeldCount
 .text.prvCheckForValidListAndQueue
                0x0000000000004f50       0x5a ./FreeRTOS/timers.o
 .text.prvInsertTimerInActiveList
                0x0000000000004faa       0x3e ./FreeRTOS/timers.o
 .text.prvReloadTimer
                0x0000000000004fe8       0x2a ./FreeRTOS/timers.o
 .text.prvProcessExpiredTimer
                0x0000000000005012       0x42 ./FreeRTOS/timers.o
 .text.prvSwitchTimerLists
                0x0000000000005054       0x28 ./FreeRTOS/timers.o
 .text.prvTimerTask
                0x000000000000507c      0x188 ./FreeRTOS/timers.o
 .text.xTimerCreateTimerTask
                0x0000000000005204       0x58 ./FreeRTOS/timers.o
                0x0000000000005204                xTimerCreateTimerTask
 .text.xTimerPendFunctionCallFromISR
                0x000000000000525c       0x26 ./FreeRTOS/timers.o
                0x000000000000525c                xTimerPendFunctionCallFromISR
 .text.Delay_Init
                0x0000000000005282       0x26 ./Debug/debug.o
                0x0000000000005282                Delay_Init
 .text.USART_Printf_Init
                0x00000000000052a8       0x60 ./Debug/debug.o
                0x00000000000052a8                USART_Printf_Init
 .text._write   0x0000000000005308       0x3e ./Debug/debug.o
                0x0000000000005308                _write
 .text._sbrk    0x0000000000005346       0x2a ./Debug/debug.o
                0x0000000000005346                _sbrk
 .text.__get_MEPC
                0x0000000000005370        0x6 ./Core/core_riscv.o
                0x0000000000005370                __get_MEPC
 .text.__get_MCAUSE
                0x0000000000005376        0x6 ./Core/core_riscv.o
                0x0000000000005376                __get_MCAUSE
 .text.__get_MTVAL
                0x000000000000537c        0x6 ./Core/core_riscv.o
                0x000000000000537c                __get_MTVAL
 .text.prv_send_can_message.isra.0
                0x0000000000005382       0x4e ./CANopenNode/keypad/CO_driver_ST32F103.o
 .text.co_drv_create_os_objects
                0x00000000000053d0       0x30 ./CANopenNode/keypad/CO_driver_ST32F103.o
                0x00000000000053d0                co_drv_create_os_objects
 .text.co_drv_mutex_lock
                0x0000000000005400       0x18 ./CANopenNode/keypad/CO_driver_ST32F103.o
                0x0000000000005400                co_drv_mutex_lock
 .text.co_drv_mutex_unlock
                0x0000000000005418       0x16 ./CANopenNode/keypad/CO_driver_ST32F103.o
                0x0000000000005418                co_drv_mutex_unlock
 .text.CO_CANsetConfigurationMode
                0x000000000000542e       0x12 ./CANopenNode/keypad/CO_driver_ST32F103.o
                0x000000000000542e                CO_CANsetConfigurationMode
 .text.CO_CANsetNormalMode
                0x0000000000005440       0x20 ./CANopenNode/keypad/CO_driver_ST32F103.o
                0x0000000000005440                CO_CANsetNormalMode
 .text.CO_CANmodule_init
                0x0000000000005460      0x1e8 ./CANopenNode/keypad/CO_driver_ST32F103.o
                0x0000000000005460                CO_CANmodule_init
 .text.CO_CANmodule_disable
                0x0000000000005648       0x16 ./CANopenNode/keypad/CO_driver_ST32F103.o
                0x0000000000005648                CO_CANmodule_disable
 .text.CO_CANrxBufferInit
                0x000000000000565e       0x52 ./CANopenNode/keypad/CO_driver_ST32F103.o
                0x000000000000565e                CO_CANrxBufferInit
 .text.CO_CANtxBufferInit
                0x00000000000056b0       0x3a ./CANopenNode/keypad/CO_driver_ST32F103.o
                0x00000000000056b0                CO_CANtxBufferInit
 .text.CO_CANmodule_process
                0x00000000000056ea       0x12 ./CANopenNode/keypad/CO_driver_ST32F103.o
                0x00000000000056ea                CO_CANmodule_process
 .text.CO_CANsend
                0x00000000000056fc       0x46 ./CANopenNode/keypad/CO_driver_ST32F103.o
                0x00000000000056fc                CO_CANsend
 .text.CAN_SendMessage
                0x0000000000005742       0x66 ./CANopenNode/keypad/CO_driver_ST32F103.o
                0x0000000000005742                CAN_SendMessage
 .text.CAN_GetRxMessage
                0x00000000000057a8       0x4e ./CANopenNode/keypad/CO_driver_ST32F103.o
                0x00000000000057a8                CAN_GetRxMessage
 .text.prv_read_can_received_msg
                0x00000000000057f6       0x44 ./CANopenNode/keypad/CO_driver_ST32F103.o
                0x00000000000057f6                prv_read_can_received_msg
 .text.HAL_CAN_ErrorCallback
                0x000000000000583a       0x1e ./CANopenNode/keypad/CO_driver_ST32F103.o
                0x000000000000583a                HAL_CAN_ErrorCallback
 .text.CO_LSSslave_receive
                0x0000000000005858      0x1a8 ./CANopenNode/305/CO_LSSslave.o
 .text.CO_LSSslave_init
                0x0000000000005a00       0xa4 ./CANopenNode/305/CO_LSSslave.o
                0x0000000000005a00                CO_LSSslave_init
 .text.CO_LSSslave_process
                0x0000000000005aa4      0x1a2 ./CANopenNode/305/CO_LSSslave.o
                0x0000000000005aa4                CO_LSSslave_process
 .text.OD_write_1003
                0x0000000000005c46       0x28 ./CANopenNode/301/CO_Emergency.o
 .text.OD_read_1003
                0x0000000000005c6e       0x8c ./CANopenNode/301/CO_Emergency.o
 .text.OD_read_1014_default
                0x0000000000005cfa       0x50 ./CANopenNode/301/CO_Emergency.o
 .text.CO_EM_init
                0x0000000000005d4a      0x112 ./CANopenNode/301/CO_Emergency.o
                0x0000000000005d4a                CO_EM_init
 .text.CO_error
                0x0000000000005e5c       0xc4 ./CANopenNode/301/CO_Emergency.o
                0x0000000000005e5c                CO_error
 .text.CO_EM_process
                0x0000000000005f20      0x17e ./CANopenNode/301/CO_Emergency.o
                0x0000000000005f20                CO_EM_process
 .text.CO_NMT_receive
                0x000000000000609e       0x18 ./CANopenNode/301/CO_NMT_Heartbeat.o
 .text.OD_write_1017
                0x00000000000060b6       0x48 ./CANopenNode/301/CO_NMT_Heartbeat.o
 .text.CO_NMT_init
                0x00000000000060fe       0xec ./CANopenNode/301/CO_NMT_Heartbeat.o
                0x00000000000060fe                CO_NMT_init
 .text.CO_NMT_process
                0x00000000000061ea      0x106 ./CANopenNode/301/CO_NMT_Heartbeat.o
                0x00000000000061ea                CO_NMT_process
 .text.OD_readDisabled
                0x00000000000062f0        0x4 ./CANopenNode/301/CO_ODinterface.o
 .text.OD_readOriginal
                0x00000000000062f4       0x50 ./CANopenNode/301/CO_ODinterface.o
                0x00000000000062f4                OD_readOriginal
 .text.OD_writeOriginal
                0x0000000000006344       0x54 ./CANopenNode/301/CO_ODinterface.o
                0x0000000000006344                OD_writeOriginal
 .text.OD_writeDisabled
                0x0000000000006398        0x4 ./CANopenNode/301/CO_ODinterface.o
 .text.OD_find  0x000000000000639c       0x70 ./CANopenNode/301/CO_ODinterface.o
                0x000000000000639c                OD_find
 .text.OD_getSub
                0x000000000000640c       0xf2 ./CANopenNode/301/CO_ODinterface.o
                0x000000000000640c                OD_getSub
 .text.OD_getSDOabCode
                0x00000000000064fe       0x20 ./CANopenNode/301/CO_ODinterface.o
                0x00000000000064fe                OD_getSDOabCode
 .text.OD_get_value
                0x000000000000651e       0x34 ./CANopenNode/301/CO_ODinterface.o
                0x000000000000651e                OD_get_value
 .text.OD_set_value
                0x0000000000006552       0x2e ./CANopenNode/301/CO_ODinterface.o
                0x0000000000006552                OD_set_value
 .text.OD_getPtr
                0x0000000000006580       0x3c ./CANopenNode/301/CO_ODinterface.o
                0x0000000000006580                OD_getPtr
 .text.OD_write_dummy
                0x00000000000065bc        0x8 ./CANopenNode/301/CO_PDO.o
 .text.OD_read_dummy
                0x00000000000065c4       0x2e ./CANopenNode/301/CO_PDO.o
 .text.PDOconfigMap
                0x00000000000065f2       0xfc ./CANopenNode/301/CO_PDO.o
 .text.CO_PDO_receive
                0x00000000000066ee       0x48 ./CANopenNode/301/CO_PDO.o
 .text.OD_read_PDO_commParam
                0x0000000000006736       0x70 ./CANopenNode/301/CO_PDO.o
 .text.PDO_initMapping.constprop.3
                0x00000000000067a6       0xe4 ./CANopenNode/301/CO_PDO.o
 .text.OD_write_PDO_mapping
                0x000000000000688a       0xb2 ./CANopenNode/301/CO_PDO.o
 .text.OD_write_18xx
                0x000000000000693c      0x184 ./CANopenNode/301/CO_PDO.o
 .text.OD_write_14xx
                0x0000000000006ac0      0x15a ./CANopenNode/301/CO_PDO.o
 .text.CO_RPDO_init
                0x0000000000006c1a      0x172 ./CANopenNode/301/CO_PDO.o
                0x0000000000006c1a                CO_RPDO_init
 .text.CO_RPDO_process
                0x0000000000006d8c      0x114 ./CANopenNode/301/CO_PDO.o
                0x0000000000006d8c                CO_RPDO_process
 .text.CO_TPDO_init
                0x0000000000006ea0      0x1d2 ./CANopenNode/301/CO_PDO.o
                0x0000000000006ea0                CO_TPDO_init
 .text.CO_TPDO_process
                0x0000000000007072      0x15e ./CANopenNode/301/CO_PDO.o
                0x0000000000007072                CO_TPDO_process
 .text.CO_SDOserver_init_canRxTx
                0x00000000000071d0       0x82 ./CANopenNode/301/CO_SDOserver.o
 .text.CO_SDO_receive
                0x0000000000007252       0x38 ./CANopenNode/301/CO_SDOserver.o
 .text.readFromOd.isra.1.constprop.5
                0x000000000000728a       0xf6 ./CANopenNode/301/CO_SDOserver.o
 .text.OD_write_1201_additional
                0x0000000000007380      0x158 ./CANopenNode/301/CO_SDOserver.o
 .text.CO_SDOserver_init
                0x00000000000074d8      0x172 ./CANopenNode/301/CO_SDOserver.o
                0x00000000000074d8                CO_SDOserver_init
 .text.CO_SDOserver_process
                0x000000000000764a      0x60e ./CANopenNode/301/CO_SDOserver.o
                0x000000000000764a                CO_SDOserver_process
 .text.CO_delete
                0x0000000000007c58       0x56 ./CANopenNode/CANopen.o
                0x0000000000007c58                CO_delete
 .text.CO_new   0x0000000000007cae      0x102 ./CANopenNode/CANopen.o
                0x0000000000007cae                CO_new
 .text.CO_CANinit
                0x0000000000007db0       0x36 ./CANopenNode/CANopen.o
                0x0000000000007db0                CO_CANinit
 .text.CO_LSSinit
                0x0000000000007de6       0x34 ./CANopenNode/CANopen.o
                0x0000000000007de6                CO_LSSinit
 .text.CO_CANopenInit
                0x0000000000007e1a       0xb8 ./CANopenNode/CANopen.o
                0x0000000000007e1a                CO_CANopenInit
 .text.CO_CANopenInitPDO
                0x0000000000007ed2       0xb8 ./CANopenNode/CANopen.o
                0x0000000000007ed2                CO_CANopenInitPDO
 .text.CO_process
                0x0000000000007f8a       0x7e ./CANopenNode/CANopen.o
                0x0000000000007f8a                CO_process
 .text.CO_process_RPDO
                0x0000000000008008       0x40 ./CANopenNode/CANopen.o
                0x0000000000008008                CO_process_RPDO
 .text.CO_process_TPDO
                0x0000000000008048       0x28 ./CANopenNode/CANopen.o
                0x0000000000008048                CO_process_TPDO
 .text.sin      0x0000000000008070       0x8e c:/mounriver/mounriver_studio/toolchain/risc-v embedded gcc/bin/../lib/gcc/riscv-none-embed/8.2.0/../../../../riscv-none-embed/lib/rv32imacxw/ilp32\libm.a(lib_a-s_sin.o)
                0x0000000000008070                sin
 .text.__ieee754_rem_pio2
                0x00000000000080fe      0x464 c:/mounriver/mounriver_studio/toolchain/risc-v embedded gcc/bin/../lib/gcc/riscv-none-embed/8.2.0/../../../../riscv-none-embed/lib/rv32imacxw/ilp32\libm.a(lib_a-e_rem_pio2.o)
                0x00000000000080fe                __ieee754_rem_pio2
 .text.__kernel_cos
                0x0000000000008562      0x2b8 c:/mounriver/mounriver_studio/toolchain/risc-v embedded gcc/bin/../lib/gcc/riscv-none-embed/8.2.0/../../../../riscv-none-embed/lib/rv32imacxw/ilp32\libm.a(lib_a-k_cos.o)
                0x0000000000008562                __kernel_cos
 .text.__kernel_rem_pio2
                0x000000000000881a      0x944 c:/mounriver/mounriver_studio/toolchain/risc-v embedded gcc/bin/../lib/gcc/riscv-none-embed/8.2.0/../../../../riscv-none-embed/lib/rv32imacxw/ilp32\libm.a(lib_a-k_rem_pio2.o)
                0x000000000000881a                __kernel_rem_pio2
 .text.__kernel_sin
                0x000000000000915e      0x192 c:/mounriver/mounriver_studio/toolchain/risc-v embedded gcc/bin/../lib/gcc/riscv-none-embed/8.2.0/../../../../riscv-none-embed/lib/rv32imacxw/ilp32\libm.a(lib_a-k_sin.o)
                0x000000000000915e                __kernel_sin
 .text.fabs     0x00000000000092f0        0x6 c:/mounriver/mounriver_studio/toolchain/risc-v embedded gcc/bin/../lib/gcc/riscv-none-embed/8.2.0/../../../../riscv-none-embed/lib/rv32imacxw/ilp32\libm.a(lib_a-s_fabs.o)
                0x00000000000092f0                fabs
 .text.floor    0x00000000000092f6      0x150 c:/mounriver/mounriver_studio/toolchain/risc-v embedded gcc/bin/../lib/gcc/riscv-none-embed/8.2.0/../../../../riscv-none-embed/lib/rv32imacxw/ilp32\libm.a(lib_a-s_floor.o)
                0x00000000000092f6                floor
 .text.scalbn   0x0000000000009446      0x13e c:/mounriver/mounriver_studio/toolchain/risc-v embedded gcc/bin/../lib/gcc/riscv-none-embed/8.2.0/../../../../riscv-none-embed/lib/rv32imacxw/ilp32\libm.a(lib_a-s_scalbn.o)
                0x0000000000009446                scalbn
 .text.copysign
                0x0000000000009584       0x16 c:/mounriver/mounriver_studio/toolchain/risc-v embedded gcc/bin/../lib/gcc/riscv-none-embed/8.2.0/../../../../riscv-none-embed/lib/rv32imacxw/ilp32\libm.a(lib_a-s_copysign.o)
                0x0000000000009584                copysign
 .text.__adddf3
                0x000000000000959a      0x730 c:/mounriver/mounriver_studio/toolchain/risc-v embedded gcc/bin/../lib/gcc/riscv-none-embed/8.2.0/rv32imacxw/ilp32\libgcc.a(adddf3.o)
                0x000000000000959a                __adddf3
 .text.__divdf3
                0x0000000000009cca      0x5b4 c:/mounriver/mounriver_studio/toolchain/risc-v embedded gcc/bin/../lib/gcc/riscv-none-embed/8.2.0/rv32imacxw/ilp32\libgcc.a(divdf3.o)
                0x0000000000009cca                __divdf3
 .text.__eqdf2  0x000000000000a27e       0x6a c:/mounriver/mounriver_studio/toolchain/risc-v embedded gcc/bin/../lib/gcc/riscv-none-embed/8.2.0/rv32imacxw/ilp32\libgcc.a(eqdf2.o)
                0x000000000000a27e                __nedf2
                0x000000000000a27e                __eqdf2
 .text.__gedf2  0x000000000000a2e8       0xae c:/mounriver/mounriver_studio/toolchain/risc-v embedded gcc/bin/../lib/gcc/riscv-none-embed/8.2.0/rv32imacxw/ilp32\libgcc.a(gedf2.o)
                0x000000000000a2e8                __gedf2
                0x000000000000a2e8                __gtdf2
 .text.__muldf3
                0x000000000000a396      0x4b8 c:/mounriver/mounriver_studio/toolchain/risc-v embedded gcc/bin/../lib/gcc/riscv-none-embed/8.2.0/rv32imacxw/ilp32\libgcc.a(muldf3.o)
                0x000000000000a396                __muldf3
 .text.__subdf3
                0x000000000000a84e      0x73e c:/mounriver/mounriver_studio/toolchain/risc-v embedded gcc/bin/../lib/gcc/riscv-none-embed/8.2.0/rv32imacxw/ilp32\libgcc.a(subdf3.o)
                0x000000000000a84e                __subdf3
 .text.__fixdfsi
                0x000000000000af8c       0x68 c:/mounriver/mounriver_studio/toolchain/risc-v embedded gcc/bin/../lib/gcc/riscv-none-embed/8.2.0/rv32imacxw/ilp32\libgcc.a(fixdfsi.o)
                0x000000000000af8c                __fixdfsi
 .text.__fixunsdfsi
                0x000000000000aff4       0x5c c:/mounriver/mounriver_studio/toolchain/risc-v embedded gcc/bin/../lib/gcc/riscv-none-embed/8.2.0/rv32imacxw/ilp32\libgcc.a(fixunsdfsi.o)
                0x000000000000aff4                __fixunsdfsi
 .text.__floatsidf
                0x000000000000b050       0x70 c:/mounriver/mounriver_studio/toolchain/risc-v embedded gcc/bin/../lib/gcc/riscv-none-embed/8.2.0/rv32imacxw/ilp32\libgcc.a(floatsidf.o)
                0x000000000000b050                __floatsidf
 .text.__floatunsidf
                0x000000000000b0c0       0x66 c:/mounriver/mounriver_studio/toolchain/risc-v embedded gcc/bin/../lib/gcc/riscv-none-embed/8.2.0/rv32imacxw/ilp32\libgcc.a(floatunsidf.o)
                0x000000000000b0c0                __floatunsidf
 .text.__divsf3
                0x000000000000b126      0x2ae c:/mounriver/mounriver_studio/toolchain/risc-v embedded gcc/bin/../lib/gcc/riscv-none-embed/8.2.0/rv32imacxw/ilp32\libgcc.a(divsf3.o)
                0x000000000000b126                __divsf3
 .text.__mulsf3
                0x000000000000b3d4      0x290 c:/mounriver/mounriver_studio/toolchain/risc-v embedded gcc/bin/../lib/gcc/riscv-none-embed/8.2.0/rv32imacxw/ilp32\libgcc.a(mulsf3.o)
                0x000000000000b3d4                __mulsf3
 .text.__fixunssfsi
                0x000000000000b664       0x56 c:/mounriver/mounriver_studio/toolchain/risc-v embedded gcc/bin/../lib/gcc/riscv-none-embed/8.2.0/rv32imacxw/ilp32\libgcc.a(fixunssfsi.o)
                0x000000000000b664                __fixunssfsi
 .text.__floatunsisf
                0x000000000000b6ba       0xce c:/mounriver/mounriver_studio/toolchain/risc-v embedded gcc/bin/../lib/gcc/riscv-none-embed/8.2.0/rv32imacxw/ilp32\libgcc.a(floatunsisf.o)
                0x000000000000b6ba                __floatunsisf
 .text.__clzsi2
                0x000000000000b788       0x6e c:/mounriver/mounriver_studio/toolchain/risc-v embedded gcc/bin/../lib/gcc/riscv-none-embed/8.2.0/rv32imacxw/ilp32\libgcc.a(_clzsi2.o)
                0x000000000000b788                __clzsi2
 .text.calloc   0x000000000000b7f6        0xc c:/mounriver/mounriver_studio/toolchain/risc-v embedded gcc/bin/../lib/gcc/riscv-none-embed/8.2.0/../../../../riscv-none-embed/lib/rv32imacxw/ilp32\libg_nano.a(lib_a-calloc.o)
                0x000000000000b7f6                calloc
 .text.free     0x000000000000b802        0xa c:/mounriver/mounriver_studio/toolchain/risc-v embedded gcc/bin/../lib/gcc/riscv-none-embed/8.2.0/../../../../riscv-none-embed/lib/rv32imacxw/ilp32\libg_nano.a(lib_a-malloc.o)
                0x000000000000b802                free
 .text.memcpy   0x000000000000b80c       0xb2 c:/mounriver/mounriver_studio/toolchain/risc-v embedded gcc/bin/../lib/gcc/riscv-none-embed/8.2.0/../../../../riscv-none-embed/lib/rv32imacxw/ilp32\libg_nano.a(lib_a-memcpy.o)
                0x000000000000b80c                memcpy
 .text.memmove  0x000000000000b8be       0x46 c:/mounriver/mounriver_studio/toolchain/risc-v embedded gcc/bin/../lib/gcc/riscv-none-embed/8.2.0/../../../../riscv-none-embed/lib/rv32imacxw/ilp32\libg_nano.a(lib_a-memmove.o)
                0x000000000000b8be                memmove
 .text._calloc_r
                0x000000000000b904       0x26 c:/mounriver/mounriver_studio/toolchain/risc-v embedded gcc/bin/../lib/gcc/riscv-none-embed/8.2.0/../../../../riscv-none-embed/lib/rv32imacxw/ilp32\libg_nano.a(lib_a-nano-callocr.o)
                0x000000000000b904                _calloc_r
 .text._free_r  0x000000000000b92a       0xa8 c:/mounriver/mounriver_studio/toolchain/risc-v embedded gcc/bin/../lib/gcc/riscv-none-embed/8.2.0/../../../../riscv-none-embed/lib/rv32imacxw/ilp32\libg_nano.a(lib_a-nano-freer.o)
                0x000000000000b92a                _free_r
 .text._malloc_r
                0x000000000000b9d2       0xd4 c:/mounriver/mounriver_studio/toolchain/risc-v embedded gcc/bin/../lib/gcc/riscv-none-embed/8.2.0/../../../../riscv-none-embed/lib/rv32imacxw/ilp32\libg_nano.a(lib_a-nano-mallocr.o)
                0x000000000000b9d2                _malloc_r
 .text.printf   0x000000000000baa6       0x40 c:/mounriver/mounriver_studio/toolchain/risc-v embedded gcc/bin/../lib/gcc/riscv-none-embed/8.2.0/../../../../riscv-none-embed/lib/rv32imacxw/ilp32\libg_nano.a(lib_a-printf.o)
                0x000000000000baa6                iprintf
                0x000000000000baa6                printf
 .text._puts_r  0x000000000000bae6       0xd4 c:/mounriver/mounriver_studio/toolchain/risc-v embedded gcc/bin/../lib/gcc/riscv-none-embed/8.2.0/../../../../riscv-none-embed/lib/rv32imacxw/ilp32\libg_nano.a(lib_a-puts.o)
                0x000000000000bae6                _puts_r
 .text.puts     0x000000000000bbba        0xc c:/mounriver/mounriver_studio/toolchain/risc-v embedded gcc/bin/../lib/gcc/riscv-none-embed/8.2.0/../../../../riscv-none-embed/lib/rv32imacxw/ilp32\libg_nano.a(lib_a-puts.o)
                0x000000000000bbba                puts
 .text._sbrk_r  0x000000000000bbc6       0x32 c:/mounriver/mounriver_studio/toolchain/risc-v embedded gcc/bin/../lib/gcc/riscv-none-embed/8.2.0/../../../../riscv-none-embed/lib/rv32imacxw/ilp32\libg_nano.a(lib_a-sbrkr.o)
                0x000000000000bbc6                _sbrk_r
 .text.strlen   0x000000000000bbf8       0x12 c:/mounriver/mounriver_studio/toolchain/risc-v embedded gcc/bin/../lib/gcc/riscv-none-embed/8.2.0/../../../../riscv-none-embed/lib/rv32imacxw/ilp32\libg_nano.a(lib_a-strlen.o)
                0x000000000000bbf8                strlen
 .text.__swbuf_r
                0x000000000000bc0a       0xbc c:/mounriver/mounriver_studio/toolchain/risc-v embedded gcc/bin/../lib/gcc/riscv-none-embed/8.2.0/../../../../riscv-none-embed/lib/rv32imacxw/ilp32\libg_nano.a(lib_a-wbuf.o)
                0x000000000000bc0a                __swbuf_r
 .text.__swsetup_r
                0x000000000000bcc6       0xfe c:/mounriver/mounriver_studio/toolchain/risc-v embedded gcc/bin/../lib/gcc/riscv-none-embed/8.2.0/../../../../riscv-none-embed/lib/rv32imacxw/ilp32\libg_nano.a(lib_a-wsetup.o)
                0x000000000000bcc6                __swsetup_r
 .text.__sflush_r
                0x000000000000bdc4      0x132 c:/mounriver/mounriver_studio/toolchain/risc-v embedded gcc/bin/../lib/gcc/riscv-none-embed/8.2.0/../../../../riscv-none-embed/lib/rv32imacxw/ilp32\libg_nano.a(lib_a-fflush.o)
                0x000000000000bdc4                __sflush_r
 .text._fflush_r
                0x000000000000bef6       0x66 c:/mounriver/mounriver_studio/toolchain/risc-v embedded gcc/bin/../lib/gcc/riscv-none-embed/8.2.0/../../../../riscv-none-embed/lib/rv32imacxw/ilp32\libg_nano.a(lib_a-fflush.o)
                0x000000000000bef6                _fflush_r
 .text.std      0x000000000000bf5c       0x66 c:/mounriver/mounriver_studio/toolchain/risc-v embedded gcc/bin/../lib/gcc/riscv-none-embed/8.2.0/../../../../riscv-none-embed/lib/rv32imacxw/ilp32\libg_nano.a(lib_a-findfp.o)
 .text._cleanup_r
                0x000000000000bfc2        0xa c:/mounriver/mounriver_studio/toolchain/risc-v embedded gcc/bin/../lib/gcc/riscv-none-embed/8.2.0/../../../../riscv-none-embed/lib/rv32imacxw/ilp32\libg_nano.a(lib_a-findfp.o)
                0x000000000000bfc2                _cleanup_r
 .text.__sfmoreglue
                0x000000000000bfcc       0x48 c:/mounriver/mounriver_studio/toolchain/risc-v embedded gcc/bin/../lib/gcc/riscv-none-embed/8.2.0/../../../../riscv-none-embed/lib/rv32imacxw/ilp32\libg_nano.a(lib_a-findfp.o)
                0x000000000000bfcc                __sfmoreglue
 .text.__sinit  0x000000000000c014       0x6c c:/mounriver/mounriver_studio/toolchain/risc-v embedded gcc/bin/../lib/gcc/riscv-none-embed/8.2.0/../../../../riscv-none-embed/lib/rv32imacxw/ilp32\libg_nano.a(lib_a-findfp.o)
                0x000000000000c014                __sinit
 .text.__sfp    0x000000000000c080       0xa0 c:/mounriver/mounriver_studio/toolchain/risc-v embedded gcc/bin/../lib/gcc/riscv-none-embed/8.2.0/../../../../riscv-none-embed/lib/rv32imacxw/ilp32\libg_nano.a(lib_a-findfp.o)
                0x000000000000c080                __sfp
 .text._fwalk_reent
                0x000000000000c120       0x6a c:/mounriver/mounriver_studio/toolchain/risc-v embedded gcc/bin/../lib/gcc/riscv-none-embed/8.2.0/../../../../riscv-none-embed/lib/rv32imacxw/ilp32\libg_nano.a(lib_a-fwalk.o)
                0x000000000000c120                _fwalk_reent
 .text.__swhatbuf_r
                0x000000000000c18a       0x58 c:/mounriver/mounriver_studio/toolchain/risc-v embedded gcc/bin/../lib/gcc/riscv-none-embed/8.2.0/../../../../riscv-none-embed/lib/rv32imacxw/ilp32\libg_nano.a(lib_a-makebuf.o)
                0x000000000000c18a                __swhatbuf_r
 .text.__smakebuf_r
                0x000000000000c1e2       0x94 c:/mounriver/mounriver_studio/toolchain/risc-v embedded gcc/bin/../lib/gcc/riscv-none-embed/8.2.0/../../../../riscv-none-embed/lib/rv32imacxw/ilp32\libg_nano.a(lib_a-makebuf.o)
                0x000000000000c1e2                __smakebuf_r
 .text.__malloc_lock
                0x000000000000c276        0x2 c:/mounriver/mounriver_studio/toolchain/risc-v embedded gcc/bin/../lib/gcc/riscv-none-embed/8.2.0/../../../../riscv-none-embed/lib/rv32imacxw/ilp32\libg_nano.a(lib_a-mlock.o)
                0x000000000000c276                __malloc_lock
 .text.__malloc_unlock
                0x000000000000c278        0x2 c:/mounriver/mounriver_studio/toolchain/risc-v embedded gcc/bin/../lib/gcc/riscv-none-embed/8.2.0/../../../../riscv-none-embed/lib/rv32imacxw/ilp32\libg_nano.a(lib_a-mlock.o)
                0x000000000000c278                __malloc_unlock
 .text.__sfputc_r
                0x000000000000c27a       0x28 c:/mounriver/mounriver_studio/toolchain/risc-v embedded gcc/bin/../lib/gcc/riscv-none-embed/8.2.0/../../../../riscv-none-embed/lib/rv32imacxw/ilp32\libg_nano.a(lib_a-nano-vfprintf.o)
 .text.__sfputs_r
                0x000000000000c2a2       0x42 c:/mounriver/mounriver_studio/toolchain/risc-v embedded gcc/bin/../lib/gcc/riscv-none-embed/8.2.0/../../../../riscv-none-embed/lib/rv32imacxw/ilp32\libg_nano.a(lib_a-nano-vfprintf.o)
                0x000000000000c2a2                __sfputs_r
 .text._vfprintf_r
                0x000000000000c2e4      0x288 c:/mounriver/mounriver_studio/toolchain/risc-v embedded gcc/bin/../lib/gcc/riscv-none-embed/8.2.0/../../../../riscv-none-embed/lib/rv32imacxw/ilp32\libg_nano.a(lib_a-nano-vfprintf.o)
                0x000000000000c2e4                _vfprintf_r
                0x000000000000c2e4                _vfiprintf_r
 .text._printf_common
                0x000000000000c56c      0x10c c:/mounriver/mounriver_studio/toolchain/risc-v embedded gcc/bin/../lib/gcc/riscv-none-embed/8.2.0/../../../../riscv-none-embed/lib/rv32imacxw/ilp32\libg_nano.a(lib_a-nano-vfprintf_i.o)
                0x000000000000c56c                _printf_common
 .text._printf_i
                0x000000000000c678      0x2a2 c:/mounriver/mounriver_studio/toolchain/risc-v embedded gcc/bin/../lib/gcc/riscv-none-embed/8.2.0/../../../../riscv-none-embed/lib/rv32imacxw/ilp32\libg_nano.a(lib_a-nano-vfprintf_i.o)
                0x000000000000c678                _printf_i
 .text.__sread  0x000000000000c91a       0x2c c:/mounriver/mounriver_studio/toolchain/risc-v embedded gcc/bin/../lib/gcc/riscv-none-embed/8.2.0/../../../../riscv-none-embed/lib/rv32imacxw/ilp32\libg_nano.a(lib_a-stdio.o)
                0x000000000000c91a                __sread
 .text.__swrite
                0x000000000000c946       0x48 c:/mounriver/mounriver_studio/toolchain/risc-v embedded gcc/bin/../lib/gcc/riscv-none-embed/8.2.0/../../../../riscv-none-embed/lib/rv32imacxw/ilp32\libg_nano.a(lib_a-stdio.o)
                0x000000000000c946                __swrite
 .text.__sseek  0x000000000000c98e       0x30 c:/mounriver/mounriver_studio/toolchain/risc-v embedded gcc/bin/../lib/gcc/riscv-none-embed/8.2.0/../../../../riscv-none-embed/lib/rv32imacxw/ilp32\libg_nano.a(lib_a-stdio.o)
                0x000000000000c98e                __sseek
 .text.__sclose
                0x000000000000c9be        0x6 c:/mounriver/mounriver_studio/toolchain/risc-v embedded gcc/bin/../lib/gcc/riscv-none-embed/8.2.0/../../../../riscv-none-embed/lib/rv32imacxw/ilp32\libg_nano.a(lib_a-stdio.o)
                0x000000000000c9be                __sclose
 .text._write_r
                0x000000000000c9c4       0x36 c:/mounriver/mounriver_studio/toolchain/risc-v embedded gcc/bin/../lib/gcc/riscv-none-embed/8.2.0/../../../../riscv-none-embed/lib/rv32imacxw/ilp32\libg_nano.a(lib_a-writer.o)
                0x000000000000c9c4                _write_r
 .text._close_r
                0x000000000000c9fa       0x30 c:/mounriver/mounriver_studio/toolchain/risc-v embedded gcc/bin/../lib/gcc/riscv-none-embed/8.2.0/../../../../riscv-none-embed/lib/rv32imacxw/ilp32\libg_nano.a(lib_a-closer.o)
                0x000000000000c9fa                _close_r
 .text._fstat_r
                0x000000000000ca2a       0x32 c:/mounriver/mounriver_studio/toolchain/risc-v embedded gcc/bin/../lib/gcc/riscv-none-embed/8.2.0/../../../../riscv-none-embed/lib/rv32imacxw/ilp32\libg_nano.a(lib_a-fstatr.o)
                0x000000000000ca2a                _fstat_r
 .text._isatty_r
                0x000000000000ca5c       0x30 c:/mounriver/mounriver_studio/toolchain/risc-v embedded gcc/bin/../lib/gcc/riscv-none-embed/8.2.0/../../../../riscv-none-embed/lib/rv32imacxw/ilp32\libg_nano.a(lib_a-isattyr.o)
                0x000000000000ca5c                _isatty_r
 .text._lseek_r
                0x000000000000ca8c       0x34 c:/mounriver/mounriver_studio/toolchain/risc-v embedded gcc/bin/../lib/gcc/riscv-none-embed/8.2.0/../../../../riscv-none-embed/lib/rv32imacxw/ilp32\libg_nano.a(lib_a-lseekr.o)
                0x000000000000ca8c                _lseek_r
 .text.memchr   0x000000000000cac0       0x18 c:/mounriver/mounriver_studio/toolchain/risc-v embedded gcc/bin/../lib/gcc/riscv-none-embed/8.2.0/../../../../riscv-none-embed/lib/rv32imacxw/ilp32\libg_nano.a(lib_a-memchr.o)
                0x000000000000cac0                memchr
 .text._read_r  0x000000000000cad8       0x34 c:/mounriver/mounriver_studio/toolchain/risc-v embedded gcc/bin/../lib/gcc/riscv-none-embed/8.2.0/../../../../riscv-none-embed/lib/rv32imacxw/ilp32\libg_nano.a(lib_a-readr.o)
                0x000000000000cad8                _read_r
 .text._close   0x000000000000cb0c       0x10 c:/mounriver/mounriver_studio/toolchain/risc-v embedded gcc/bin/../lib/gcc/riscv-none-embed/8.2.0/../../../../riscv-none-embed/lib/rv32imacxw/ilp32\libnosys.a(close.o)
                0x000000000000cb0c                _close
 .text._fstat   0x000000000000cb1c       0x10 c:/mounriver/mounriver_studio/toolchain/risc-v embedded gcc/bin/../lib/gcc/riscv-none-embed/8.2.0/../../../../riscv-none-embed/lib/rv32imacxw/ilp32\libnosys.a(fstat.o)
                0x000000000000cb1c                _fstat
 .text._isatty  0x000000000000cb2c       0x10 c:/mounriver/mounriver_studio/toolchain/risc-v embedded gcc/bin/../lib/gcc/riscv-none-embed/8.2.0/../../../../riscv-none-embed/lib/rv32imacxw/ilp32\libnosys.a(isatty.o)
                0x000000000000cb2c                _isatty
 .text._lseek   0x000000000000cb3c       0x10 c:/mounriver/mounriver_studio/toolchain/risc-v embedded gcc/bin/../lib/gcc/riscv-none-embed/8.2.0/../../../../riscv-none-embed/lib/rv32imacxw/ilp32\libnosys.a(lseek.o)
                0x000000000000cb3c                _lseek
 .text._read    0x000000000000cb4c       0x10 c:/mounriver/mounriver_studio/toolchain/risc-v embedded gcc/bin/../lib/gcc/riscv-none-embed/8.2.0/../../../../riscv-none-embed/lib/rv32imacxw/ilp32\libnosys.a(read.o)
                0x000000000000cb4c                _read
 *(.rodata)
 *(.rodata*)
 *fill*         0x000000000000cb5c        0x0 
 .rodata.HardFault_Handler.str1.4
                0x000000000000cb5c       0x42 ./User/ch32v20x_it.o
 *fill*         0x000000000000cb9e        0x2 
 .rodata.CSWTCH.16
                0x000000000000cba0       0x10 ./User/flash_data.o
 .rodata.vFDInit.str1.4
                0x000000000000cbb0       0x23 ./User/flash_data.o
                                         0x33 (size before relaxing)
 *fill*         0x000000000000cbd3        0x1 
 .rodata.vKeyboardTask.str1.4
                0x000000000000cbd4        0x5 ./User/keyboard.o
 *fill*         0x000000000000cbd9        0x3 
 .rodata.xKeyPortMass
                0x000000000000cbdc       0x40 ./User/keyboard.o
 .rodata.vLedDriverStart
                0x000000000000cc1c       0x14 ./User/led.o
 .rodata.vSetBackLigthColor
                0x000000000000cc30       0x24 ./User/led.o
 *fill*         0x000000000000cc54        0x4 
 .rodata.calcBrigt.part.0.cst8
                0x000000000000cc58       0x18 ./User/led.o
 .rodata.vLedDriverStart.str1.4
                0x000000000000cc70        0xc ./User/led.o
 .rodata.vSetBrigth.cst4
                0x000000000000cc7c        0x8 ./User/led.o
 .rodata.vSetBrigth.str1.4
                0x000000000000cc84        0xc ./User/led.o
 .rodata.StartDefaultTask.str1.4
                0x000000000000cc90       0x18 ./User/main.o
 .rodata.main.str1.4
                0x000000000000cca8       0xa8 ./User/main.o
 .rodata.OD_writeLed.str1.4
                0x000000000000cd50        0xd ./User/process.o
 *fill*         0x000000000000cd5d        0x3 
 .rodata.pvPortMalloc.str1.4
                0x000000000000cd60       0x49 ./FreeRTOS/portable/MemMang/heap_4.o
 *fill*         0x000000000000cda9        0x3 
 .rodata.xPortStartScheduler.str1.4
                0x000000000000cdac       0x27 ./FreeRTOS/portable/GCC/RISC-V/port.o
                                         0x49 (size before relaxing)
 *fill*         0x000000000000cdd3        0x1 
 .rodata.xEventGroupWaitBits.str1.4
                0x000000000000cdd4       0x1b ./FreeRTOS/event_groups.o
                                         0x3d (size before relaxing)
 *fill*         0x000000000000cdef        0x1 
 .rodata.xQueueGenericReset.str1.4
                0x000000000000cdf0       0x14 ./FreeRTOS/queue.o
                                         0x35 (size before relaxing)
 .rodata.prvTaskIsTaskSuspended.str1.4
                0x000000000000ce04       0x14 ./FreeRTOS/tasks.o
                                         0x35 (size before relaxing)
 .rodata.vTaskStartScheduler.str1.4
                0x000000000000ce18        0x5 ./FreeRTOS/tasks.o
 *fill*         0x000000000000ce1d        0x3 
 .rodata.prvTimerTask
                0x000000000000ce20       0x24 ./FreeRTOS/timers.o
 .rodata.prvCheckForValidListAndQueue.str1.4
                0x000000000000ce44        0x5 ./FreeRTOS/timers.o
 *fill*         0x000000000000ce49        0x3 
 .rodata.prvTimerTask.str1.4
                0x000000000000ce4c       0x15 ./FreeRTOS/timers.o
                                         0x39 (size before relaxing)
 *fill*         0x000000000000ce61        0x3 
 .rodata.xTimerCreateTimerTask.str1.4
                0x000000000000ce64        0x8 ./FreeRTOS/timers.o
 .rodata.CO_CANmodule_init.str1.4
                0x000000000000ce6c        0xa ./CANopenNode/keypad/CO_driver_ST32F103.o
 *fill*         0x000000000000ce76        0x2 
 .rodata.ODObjs
                0x000000000000ce78      0x2fc ./CANopenNode/keypad/OD.o
 .rodata.CO_LSS_bitTimingTableLookup
                0x000000000000d174       0x14 ./CANopenNode/305/CO_LSSslave.o
 .rodata.abortCodes.6515
                0x000000000000d188       0x68 ./CANopenNode/301/CO_ODinterface.o
 .rodata.__ieee754_rem_pio2.cst8
                0x000000000000d1f0       0x48 c:/mounriver/mounriver_studio/toolchain/risc-v embedded gcc/bin/../lib/gcc/riscv-none-embed/8.2.0/../../../../riscv-none-embed/lib/rv32imacxw/ilp32\libm.a(lib_a-e_rem_pio2.o)
 .rodata.npio2_hw
                0x000000000000d238       0x80 c:/mounriver/mounriver_studio/toolchain/risc-v embedded gcc/bin/../lib/gcc/riscv-none-embed/8.2.0/../../../../riscv-none-embed/lib/rv32imacxw/ilp32\libm.a(lib_a-e_rem_pio2.o)
 .rodata.two_over_pi
                0x000000000000d2b8      0x108 c:/mounriver/mounriver_studio/toolchain/risc-v embedded gcc/bin/../lib/gcc/riscv-none-embed/8.2.0/../../../../riscv-none-embed/lib/rv32imacxw/ilp32\libm.a(lib_a-e_rem_pio2.o)
 .rodata.__kernel_cos.cst8
                0x000000000000d3c0       0x48 c:/mounriver/mounriver_studio/toolchain/risc-v embedded gcc/bin/../lib/gcc/riscv-none-embed/8.2.0/../../../../riscv-none-embed/lib/rv32imacxw/ilp32\libm.a(lib_a-k_cos.o)
                                         0x50 (size before relaxing)
 .rodata.PIo2   0x000000000000d408       0x40 c:/mounriver/mounriver_studio/toolchain/risc-v embedded gcc/bin/../lib/gcc/riscv-none-embed/8.2.0/../../../../riscv-none-embed/lib/rv32imacxw/ilp32\libm.a(lib_a-k_rem_pio2.o)
 .rodata.__kernel_rem_pio2.cst8
                0x000000000000d448       0x20 c:/mounriver/mounriver_studio/toolchain/risc-v embedded gcc/bin/../lib/gcc/riscv-none-embed/8.2.0/../../../../riscv-none-embed/lib/rv32imacxw/ilp32\libm.a(lib_a-k_rem_pio2.o)
                                         0x38 (size before relaxing)
 .rodata.init_jk
                0x000000000000d468       0x10 c:/mounriver/mounriver_studio/toolchain/risc-v embedded gcc/bin/../lib/gcc/riscv-none-embed/8.2.0/../../../../riscv-none-embed/lib/rv32imacxw/ilp32\libm.a(lib_a-k_rem_pio2.o)
 .rodata.__kernel_sin.cst8
                0x000000000000d478       0x30 c:/mounriver/mounriver_studio/toolchain/risc-v embedded gcc/bin/../lib/gcc/riscv-none-embed/8.2.0/../../../../riscv-none-embed/lib/rv32imacxw/ilp32\libm.a(lib_a-k_sin.o)
                                         0x38 (size before relaxing)
 .rodata.floor.cst8
                0x000000000000d4a8        0x8 c:/mounriver/mounriver_studio/toolchain/risc-v embedded gcc/bin/../lib/gcc/riscv-none-embed/8.2.0/../../../../riscv-none-embed/lib/rv32imacxw/ilp32\libm.a(lib_a-s_floor.o)
 .rodata.scalbn.cst8
                0x000000000000d4b0       0x18 c:/mounriver/mounriver_studio/toolchain/risc-v embedded gcc/bin/../lib/gcc/riscv-none-embed/8.2.0/../../../../riscv-none-embed/lib/rv32imacxw/ilp32\libm.a(lib_a-s_scalbn.o)
                                         0x20 (size before relaxing)
 .rodata.__divdf3
                0x000000000000d4c8       0x40 c:/mounriver/mounriver_studio/toolchain/risc-v embedded gcc/bin/../lib/gcc/riscv-none-embed/8.2.0/rv32imacxw/ilp32\libgcc.a(divdf3.o)
 .rodata.__muldf3
                0x000000000000d508       0x40 c:/mounriver/mounriver_studio/toolchain/risc-v embedded gcc/bin/../lib/gcc/riscv-none-embed/8.2.0/rv32imacxw/ilp32\libgcc.a(muldf3.o)
 .rodata.__divsf3
                0x000000000000d548       0x80 c:/mounriver/mounriver_studio/toolchain/risc-v embedded gcc/bin/../lib/gcc/riscv-none-embed/8.2.0/rv32imacxw/ilp32\libgcc.a(divsf3.o)
 .rodata.__mulsf3
                0x000000000000d5c8       0x40 c:/mounriver/mounriver_studio/toolchain/risc-v embedded gcc/bin/../lib/gcc/riscv-none-embed/8.2.0/rv32imacxw/ilp32\libgcc.a(mulsf3.o)
 .rodata.__clz_tab
                0x000000000000d608      0x100 c:/mounriver/mounriver_studio/toolchain/risc-v embedded gcc/bin/../lib/gcc/riscv-none-embed/8.2.0/rv32imacxw/ilp32\libgcc.a(_clz.o)
                0x000000000000d608                __clz_tab
 .rodata.__sf_fake_stderr
                0x000000000000d708       0x20 c:/mounriver/mounriver_studio/toolchain/risc-v embedded gcc/bin/../lib/gcc/riscv-none-embed/8.2.0/../../../../riscv-none-embed/lib/rv32imacxw/ilp32\libg_nano.a(lib_a-findfp.o)
                0x000000000000d708                __sf_fake_stderr
 .rodata.__sf_fake_stdin
                0x000000000000d728       0x20 c:/mounriver/mounriver_studio/toolchain/risc-v embedded gcc/bin/../lib/gcc/riscv-none-embed/8.2.0/../../../../riscv-none-embed/lib/rv32imacxw/ilp32\libg_nano.a(lib_a-findfp.o)
                0x000000000000d728                __sf_fake_stdin
 .rodata.__sf_fake_stdout
                0x000000000000d748       0x20 c:/mounriver/mounriver_studio/toolchain/risc-v embedded gcc/bin/../lib/gcc/riscv-none-embed/8.2.0/../../../../riscv-none-embed/lib/rv32imacxw/ilp32\libg_nano.a(lib_a-findfp.o)
                0x000000000000d748                __sf_fake_stdout
 .rodata._vfprintf_r.str1.4
                0x000000000000d768       0x13 c:/mounriver/mounriver_studio/toolchain/risc-v embedded gcc/bin/../lib/gcc/riscv-none-embed/8.2.0/../../../../riscv-none-embed/lib/rv32imacxw/ilp32\libg_nano.a(lib_a-nano-vfprintf.o)
 *fill*         0x000000000000d77b        0x1 
 .rodata._printf_i.str1.4
                0x000000000000d77c       0x28 c:/mounriver/mounriver_studio/toolchain/risc-v embedded gcc/bin/../lib/gcc/riscv-none-embed/8.2.0/../../../../riscv-none-embed/lib/rv32imacxw/ilp32\libg_nano.a(lib_a-nano-vfprintf_i.o)
                                         0x25 (size before relaxing)
 *(.glue_7)
 *(.glue_7t)
 *(.gnu.linkonce.t.*)
                0x000000000000d7a4                . = ALIGN (0x4)

.rela.dyn       0x000000000000d7a4        0x0
 .rela.init     0x000000000000d7a4        0x0 ./User/CanOpenNode.o
 .rela.vector   0x000000000000d7a4        0x0 ./User/CanOpenNode.o
 .rela.text.handle_reset
                0x000000000000d7a4        0x0 ./User/CanOpenNode.o
 .rela.text.xPortStartScheduler
                0x000000000000d7a4        0x0 ./User/CanOpenNode.o
 .rela.sdata2.xISRStackTop
                0x000000000000d7a4        0x0 ./User/CanOpenNode.o
 .rela.text._sbrk
                0x000000000000d7a4        0x0 ./User/CanOpenNode.o
 .rela.sdata.curbrk.4664
                0x000000000000d7a4        0x0 ./User/CanOpenNode.o
 .rela.text._sbrk_r
                0x000000000000d7a4        0x0 ./User/CanOpenNode.o
 .rela.text._vfprintf_r
                0x000000000000d7a4        0x0 ./User/CanOpenNode.o
 .rela.text._write_r
                0x000000000000d7a4        0x0 ./User/CanOpenNode.o
 .rela.text._close_r
                0x000000000000d7a4        0x0 ./User/CanOpenNode.o
 .rela.text._fstat_r
                0x000000000000d7a4        0x0 ./User/CanOpenNode.o
 .rela.text._isatty_r
                0x000000000000d7a4        0x0 ./User/CanOpenNode.o
 .rela.text._lseek_r
                0x000000000000d7a4        0x0 ./User/CanOpenNode.o
 .rela.text._read_r
                0x000000000000d7a4        0x0 ./User/CanOpenNode.o
 .rela.text._close
                0x000000000000d7a4        0x0 ./User/CanOpenNode.o
 .rela.text._fstat
                0x000000000000d7a4        0x0 ./User/CanOpenNode.o
 .rela.text._isatty
                0x000000000000d7a4        0x0 ./User/CanOpenNode.o
 .rela.text._lseek
                0x000000000000d7a4        0x0 ./User/CanOpenNode.o
 .rela.text._read
                0x000000000000d7a4        0x0 ./User/CanOpenNode.o

.fini           0x000000000000d7a4        0x0
 *(SORT_NONE(.fini))
                0x000000000000d7a4                . = ALIGN (0x4)
                [!provide]                        PROVIDE (_etext = .)
                [!provide]                        PROVIDE (_eitcm = .)

.preinit_array  0x000000000000d7a4        0x0
                [!provide]                        PROVIDE (__preinit_array_start = .)
 *(.preinit_array)
                [!provide]                        PROVIDE (__preinit_array_end = .)

.init_array     0x000000000000d7a4        0x0
                [!provide]                        PROVIDE (__init_array_start = .)
 *(SORT_BY_INIT_PRIORITY(.init_array.*) SORT_BY_INIT_PRIORITY(.ctors.*))
 *(.init_array EXCLUDE_FILE(*crtend?.o *crtend.o *crtbegin?.o *crtbegin.o) .ctors)
                [!provide]                        PROVIDE (__init_array_end = .)

.fini_array     0x000000000000d7a4        0x0
                [!provide]                        PROVIDE (__fini_array_start = .)
 *(SORT_BY_INIT_PRIORITY(.fini_array.*) SORT_BY_INIT_PRIORITY(.dtors.*))
 *(.fini_array EXCLUDE_FILE(*crtend?.o *crtend.o *crtbegin?.o *crtbegin.o) .dtors)
                [!provide]                        PROVIDE (__fini_array_end = .)

.ctors
 *crtbegin.o(.ctors)
 *crtbegin?.o(.ctors)
 *(EXCLUDE_FILE(*crtend?.o *crtend.o) .ctors)
 *(SORT_BY_NAME(.ctors.*))
 *(.ctors)

.dtors
 *crtbegin.o(.dtors)
 *crtbegin?.o(.dtors)
 *(EXCLUDE_FILE(*crtend?.o *crtend.o) .dtors)
 *(SORT_BY_NAME(.dtors.*))
 *(.dtors)

.dalign         0x0000000020000000        0x0 load address 0x000000000000d7a4
                0x0000000020000000                . = ALIGN (0x4)
                0x0000000020000000                PROVIDE (_data_vma = .)

.dlalign        0x000000000000d7a4        0x0
                0x000000000000d7a4                . = ALIGN (0x4)
                0x000000000000d7a4                PROVIDE (_data_lma = .)

.data           0x0000000020000000      0x3c8 load address 0x000000000000d7a4
 *(.gnu.linkonce.r.*)
 *(.data .data.*)
 .data.SettingsREG
                0x0000000020000000       0x10 ./User/flash_data.o
 .data.OD_BITRATE_data_extension
                0x0000000020000010       0x10 ./User/process.o
                0x0000000020000010                OD_BITRATE_data_extension
 .data.OD_BLINK_data_extension
                0x0000000020000020       0x10 ./User/process.o
                0x0000000020000020                OD_BLINK_data_extension
 .data.OD_BRIGTH_data_extension
                0x0000000020000030       0x10 ./User/process.o
                0x0000000020000030                OD_BRIGTH_data_extension
 .data.OD_KEY_extension
                0x0000000020000040       0x10 ./User/process.o
                0x0000000020000040                OD_KEY_extension
 .data.OD_LED_data_extension
                0x0000000020000050       0x10 ./User/process.o
                0x0000000020000050                OD_LED_data_extension
 .data.OD_NMT_data_extension
                0x0000000020000060       0x10 ./User/process.o
                0x0000000020000060                OD_NMT_data_extension
 .data.OD_NODE_data_extension
                0x0000000020000070       0x10 ./User/process.o
                0x0000000020000070                OD_NODE_data_extension
 .data.OD_PWM_extension
                0x0000000020000080       0x10 ./User/process.o
                0x0000000020000080                OD_PWM_extension
 .data.OD_keyBoardParametr_extension
                0x0000000020000090       0x10 ./User/process.o
                0x0000000020000090                OD_keyBoardParametr_extension
 .data.AHBPrescTable
                0x00000000200000a0       0x10 ./User/system_ch32v20x.o
                0x00000000200000a0                AHBPrescTable
 .data.APBAHBPrescTable
                0x00000000200000b0       0x10 ./Peripheral/src/ch32v20x_rcc.o
 .data.ODList   0x00000000200000c0      0x180 ./CANopenNode/keypad/OD.o
 .data.OD_RAM   0x0000000020000240       0x3c ./CANopenNode/keypad/OD.o
                0x0000000020000240                OD_RAM
 .data.OD_ROM   0x000000002000027c       0xa0 ./CANopenNode/keypad/OD.o
                0x000000002000027c                OD_ROM
 .data.impure_data
                0x000000002000031c       0x60 c:/mounriver/mounriver_studio/toolchain/risc-v embedded gcc/bin/../lib/gcc/riscv-none-embed/8.2.0/../../../../riscv-none-embed/lib/rv32imacxw/ilp32\libg_nano.a(lib_a-impure.o)
 *(.gnu.linkonce.d.*)
                0x0000000020000380                . = ALIGN (0x8)
 *fill*         0x000000002000037c        0x4 
                0x0000000020000b80                PROVIDE (__global_pointer$ = (. + 0x800))
 *(.sdata .sdata.*)
 .sdata.FisrtStart
                0x0000000020000380        0x1 ./User/flash_data.o
 .sdata.BlinkON
                0x0000000020000381        0x1 ./User/led.o
 .sdata.backligch_brigth
                0x0000000020000382        0x2 ./User/led.o
 .sdata.led_brigth
                0x0000000020000384        0x2 ./User/led.o
 *fill*         0x0000000020000386        0x2 
 .sdata.SystemCoreClock
                0x0000000020000388        0x4 ./User/system_ch32v20x.o
                0x0000000020000388                SystemCoreClock
 .sdata.ADCPrescTable
                0x000000002000038c        0x4 ./Peripheral/src/ch32v20x_rcc.o
 .sdata.uxCriticalNesting
                0x0000000020000390        0x4 ./FreeRTOS/portable/GCC/RISC-V/port.o
 .sdata.uxTopUsedPriority
                0x0000000020000394        0x4 ./FreeRTOS/tasks.o
                0x0000000020000394                uxTopUsedPriority
 .sdata.curbrk.4664
                0x0000000020000398        0x4 ./Debug/debug.o
 .sdata.OD      0x000000002000039c        0x4 ./CANopenNode/keypad/OD.o
                0x000000002000039c                OD
 .sdata.OD_PERSIST_COMM
                0x00000000200003a0        0x8 ./CANopenNode/keypad/OD.o
                0x00000000200003a0                OD_PERSIST_COMM
 .sdata._OD     0x00000000200003a8        0x8 ./CANopenNode/keypad/OD.o
 .sdata._impure_ptr
                0x00000000200003b0        0x4 c:/mounriver/mounriver_studio/toolchain/risc-v embedded gcc/bin/../lib/gcc/riscv-none-embed/8.2.0/../../../../riscv-none-embed/lib/rv32imacxw/ilp32\libg_nano.a(lib_a-impure.o)
                0x00000000200003b0                _impure_ptr
 *(.sdata2.*)
 .sdata2.CODES  0x00000000200003b4        0x8 ./User/keyboard.o
 .sdata2.xISRStackTop
                0x00000000200003bc        0x4 ./FreeRTOS/portable/GCC/RISC-V/port.o
                0x00000000200003bc                xISRStackTop
 .sdata2._global_impure_ptr
                0x00000000200003c0        0x4 c:/mounriver/mounriver_studio/toolchain/risc-v embedded gcc/bin/../lib/gcc/riscv-none-embed/8.2.0/../../../../riscv-none-embed/lib/rv32imacxw/ilp32\libg_nano.a(lib_a-impure.o)
                0x00000000200003c0                _global_impure_ptr
 *(.gnu.linkonce.s.*)
                0x00000000200003c8                . = ALIGN (0x8)
 *fill*         0x00000000200003c4        0x4 
 *(.srodata.cst16)
 *(.srodata.cst8)
 *(.srodata.cst4)
 *(.srodata.cst2)
 *(.srodata .srodata.*)
                0x00000000200003c8                . = ALIGN (0x4)
                0x00000000200003c8                PROVIDE (_edata = .)

.bss            0x00000000200003c8     0x2b18 load address 0x000000000000db6c
                0x00000000200003c8                . = ALIGN (0x4)
                0x00000000200003c8                PROVIDE (_sbss = .)
 *(.sbss*)
 .sbss.CO       0x00000000200003c8        0x4 ./User/CanOpenNode.o
 .sbss.co_heap_used
                0x00000000200003cc        0x4 ./User/CanOpenNode.o
 .sbss.pcan     0x00000000200003d0        0x4 ./User/CanOpenNode.o
 .sbss.reset    0x00000000200003d4        0x4 ./User/CanOpenNode.o
 .sbss.STATUS   0x00000000200003d8        0x8 ./User/keyboard.o
 .sbss.pKeyboardQueue
                0x00000000200003e0        0x4 ./User/keyboard.o
 .sbss.LED_BLINK
                0x00000000200003e4        0x3 ./User/led.o
 *fill*         0x00000000200003e7        0x1 
 .sbss.LED_ON   0x00000000200003e8        0x3 ./User/led.o
 *fill*         0x00000000200003eb        0x1 
 .sbss.brigth_color
                0x00000000200003ec        0x3 ./User/led.o
 *fill*         0x00000000200003ef        0x1 
 .sbss.data     0x00000000200003f0        0x3 ./User/led.o
 *fill*         0x00000000200003f3        0x1 
 .sbss.led_blink_counter
                0x00000000200003f4        0x2 ./User/led.o
 .sbss.led_brigth_counter
                0x00000000200003f6        0x2 ./User/led.o
 .sbss.CanOpenPeriodicHandle
                0x00000000200003f8        0x4 ./User/main.o
                0x00000000200003f8                CanOpenPeriodicHandle
 .sbss.CanOpenProcessHandle
                0x00000000200003fc        0x4 ./User/main.o
                0x00000000200003fc                CanOpenProcessHandle
 .sbss.DefautTask_Handler
                0x0000000020000400        0x4 ./User/main.o
                0x0000000020000400                DefautTask_Handler
 .sbss.KeyboardTaskHandle
                0x0000000020000404        0x4 ./User/main.o
                0x0000000020000404                KeyboardTaskHandle
 .sbss.ProcessTaskHandle
                0x0000000020000408        0x4 ./User/main.o
                0x0000000020000408                ProcessTaskHandle
 .sbss.xResetEventHandle
                0x000000002000040c        0x4 ./User/main.o
                0x000000002000040c                xResetEventHandle
 .sbss.OD_KEY_flagsPDO
                0x0000000020000410        0x4 ./User/process.o
                0x0000000020000410                OD_KEY_flagsPDO
 .sbss.TempEvent
                0x0000000020000414        0x8 ./User/process.o
 .sbss.data     0x000000002000041c        0x1 ./User/process.o
 .sbss.key_mask
                0x000000002000041d        0x1 ./User/process.o
 *fill*         0x000000002000041e        0x2 
 .sbss.pKeyboard
                0x0000000020000420        0x4 ./User/process.o
 .sbss.MCU_Version
                0x0000000020000424        0x1 ./Peripheral/src/ch32v20x_gpio.o
                0x0000000020000424                MCU_Version
 *fill*         0x0000000020000425        0x3 
 .sbss.NVIC_Priority_Group
                0x0000000020000428        0x4 ./Peripheral/src/ch32v20x_misc.o
                0x0000000020000428                NVIC_Priority_Group
 .sbss.pxEnd    0x000000002000042c        0x4 ./FreeRTOS/portable/MemMang/heap_4.o
 .sbss.xBlockAllocatedBit
                0x0000000020000430        0x4 ./FreeRTOS/portable/MemMang/heap_4.o
 .sbss.xFreeBytesRemaining
                0x0000000020000434        0x4 ./FreeRTOS/portable/MemMang/heap_4.o
 .sbss.xMinimumEverFreeBytesRemaining
                0x0000000020000438        0x4 ./FreeRTOS/portable/MemMang/heap_4.o
 .sbss.xNumberOfSuccessfulAllocations
                0x000000002000043c        0x4 ./FreeRTOS/portable/MemMang/heap_4.o
 .sbss.xNumberOfSuccessfulFrees
                0x0000000020000440        0x4 ./FreeRTOS/portable/MemMang/heap_4.o
 .sbss.xStart   0x0000000020000444        0x8 ./FreeRTOS/portable/MemMang/heap_4.o
 .sbss.pxCurrentTCB
                0x000000002000044c        0x4 ./FreeRTOS/tasks.o
                0x000000002000044c                pxCurrentTCB
 .sbss.pxDelayedTaskList
                0x0000000020000450        0x4 ./FreeRTOS/tasks.o
 .sbss.pxOverflowDelayedTaskList
                0x0000000020000454        0x4 ./FreeRTOS/tasks.o
 .sbss.uxCurrentNumberOfTasks
                0x0000000020000458        0x4 ./FreeRTOS/tasks.o
 .sbss.uxSchedulerSuspended
                0x000000002000045c        0x4 ./FreeRTOS/tasks.o
 .sbss.uxTaskNumber
                0x0000000020000460        0x4 ./FreeRTOS/tasks.o
 .sbss.uxTopReadyPriority
                0x0000000020000464        0x4 ./FreeRTOS/tasks.o
 .sbss.xIdleTaskHandle
                0x0000000020000468        0x4 ./FreeRTOS/tasks.o
 .sbss.xNextTaskUnblockTime
                0x000000002000046c        0x4 ./FreeRTOS/tasks.o
 .sbss.xNumOfOverflows
                0x0000000020000470        0x4 ./FreeRTOS/tasks.o
 .sbss.xPendedTicks
                0x0000000020000474        0x4 ./FreeRTOS/tasks.o
 .sbss.xSchedulerRunning
                0x0000000020000478        0x4 ./FreeRTOS/tasks.o
 .sbss.xTickCount
                0x000000002000047c        0x4 ./FreeRTOS/tasks.o
 .sbss.xYieldPending
                0x0000000020000480        0x4 ./FreeRTOS/tasks.o
 .sbss.pxCurrentTimerList
                0x0000000020000484        0x4 ./FreeRTOS/timers.o
 .sbss.pxOverflowTimerList
                0x0000000020000488        0x4 ./FreeRTOS/timers.o
 .sbss.xLastTime.5716
                0x000000002000048c        0x4 ./FreeRTOS/timers.o
 .sbss.xTimerQueue
                0x0000000020000490        0x4 ./FreeRTOS/timers.o
 .sbss.xTimerTaskHandle
                0x0000000020000494        0x4 ./FreeRTOS/timers.o
 .sbss.p_ms     0x0000000020000498        0x2 ./Debug/debug.o
 .sbss.p_us     0x000000002000049a        0x1 ./Debug/debug.o
 *fill*         0x000000002000049b        0x1 
 .sbss.CANModule_local
                0x000000002000049c        0x4 ./CANopenNode/keypad/CO_driver_ST32F103.o
 .sbss.co_drv_app_thread_sync_semaphore
                0x00000000200004a0        0x4 ./CANopenNode/keypad/CO_driver_ST32F103.o
                0x00000000200004a0                co_drv_app_thread_sync_semaphore
 .sbss.co_drv_periodic_thread_sync_semaphore
                0x00000000200004a4        0x4 ./CANopenNode/keypad/CO_driver_ST32F103.o
                0x00000000200004a4                co_drv_periodic_thread_sync_semaphore
 .sbss.co_mutex
                0x00000000200004a8        0x4 ./CANopenNode/keypad/CO_driver_ST32F103.o
 .sbss.__malloc_free_list